Archive member included to satisfy reference by file (symbol)

/usr/lib/gcc/arm-none-eabi/13.2.1/../../../arm-none-eabi/lib/thumb/v7e-m/nofp/libc.a(libc_a-memset.o)
                              /usr/lib/gcc/arm-none-eabi/13.2.1/../../../arm-none-eabi/lib/thumb/v7e-m/nofp/crt0.o (memset)
/usr/lib/gcc/arm-none-eabi/13.2.1/../../../arm-none-eabi/lib/thumb/v7e-m/nofp/libc.a(libc_a-errno.o)
                              CMakeFiles/SPI2_MPU-6050.elf.dir/Core/Src/syscalls.c.obj (__errno)
/usr/lib/gcc/arm-none-eabi/13.2.1/../../../arm-none-eabi/lib/thumb/v7e-m/nofp/libc.a(libc_a-impure.o)
                              /usr/lib/gcc/arm-none-eabi/13.2.1/../../../arm-none-eabi/lib/thumb/v7e-m/nofp/libc.a(libc_a-errno.o) (_impure_ptr)
/usr/lib/gcc/arm-none-eabi/13.2.1/../../../arm-none-eabi/lib/thumb/v7e-m/nofp/libc.a(libc_a-init.o)
                              /usr/lib/gcc/arm-none-eabi/13.2.1/../../../arm-none-eabi/lib/thumb/v7e-m/nofp/crt0.o (__libc_init_array)
/usr/lib/gcc/arm-none-eabi/13.2.1/../../../arm-none-eabi/lib/thumb/v7e-m/nofp/libc.a(libc_a-findfp.o)
                              /usr/lib/gcc/arm-none-eabi/13.2.1/../../../arm-none-eabi/lib/thumb/v7e-m/nofp/libc.a(libc_a-impure.o) (__sf)
/usr/lib/gcc/arm-none-eabi/13.2.1/../../../arm-none-eabi/lib/thumb/v7e-m/nofp/libc.a(libc_a-exit.o)
                              /usr/lib/gcc/arm-none-eabi/13.2.1/../../../arm-none-eabi/lib/thumb/v7e-m/nofp/crt0.o (exit)
/usr/lib/gcc/arm-none-eabi/13.2.1/../../../arm-none-eabi/lib/thumb/v7e-m/nofp/libc.a(libc_a-atexit.o)
                              /usr/lib/gcc/arm-none-eabi/13.2.1/../../../arm-none-eabi/lib/thumb/v7e-m/nofp/crt0.o (atexit)
/usr/lib/gcc/arm-none-eabi/13.2.1/../../../arm-none-eabi/lib/thumb/v7e-m/nofp/libc.a(libc_a-fini.o)
                              /usr/lib/gcc/arm-none-eabi/13.2.1/../../../arm-none-eabi/lib/thumb/v7e-m/nofp/crt0.o (__libc_fini_array)
/usr/lib/gcc/arm-none-eabi/13.2.1/../../../arm-none-eabi/lib/thumb/v7e-m/nofp/libc.a(libc_a-fwalk.o)
                              /usr/lib/gcc/arm-none-eabi/13.2.1/../../../arm-none-eabi/lib/thumb/v7e-m/nofp/libc.a(libc_a-findfp.o) (_fwalk_sglue)
/usr/lib/gcc/arm-none-eabi/13.2.1/../../../arm-none-eabi/lib/thumb/v7e-m/nofp/libc.a(libc_a-mallocr.o)
                              /usr/lib/gcc/arm-none-eabi/13.2.1/../../../arm-none-eabi/lib/thumb/v7e-m/nofp/libc.a(libc_a-findfp.o) (_malloc_r)
/usr/lib/gcc/arm-none-eabi/13.2.1/../../../arm-none-eabi/lib/thumb/v7e-m/nofp/libc.a(libc_a-freer.o)
                              /usr/lib/gcc/arm-none-eabi/13.2.1/../../../arm-none-eabi/lib/thumb/v7e-m/nofp/libc.a(libc_a-mallocr.o) (_free_r)
/usr/lib/gcc/arm-none-eabi/13.2.1/../../../arm-none-eabi/lib/thumb/v7e-m/nofp/libc.a(libc_a-fclose.o)
                              /usr/lib/gcc/arm-none-eabi/13.2.1/../../../arm-none-eabi/lib/thumb/v7e-m/nofp/libc.a(libc_a-findfp.o) (_fclose_r)
/usr/lib/gcc/arm-none-eabi/13.2.1/../../../arm-none-eabi/lib/thumb/v7e-m/nofp/libc.a(libc_a-__call_atexit.o)
                              /usr/lib/gcc/arm-none-eabi/13.2.1/../../../arm-none-eabi/lib/thumb/v7e-m/nofp/libc.a(libc_a-exit.o) (__call_exitprocs)
/usr/lib/gcc/arm-none-eabi/13.2.1/../../../arm-none-eabi/lib/thumb/v7e-m/nofp/libc.a(libc_a-sysconf.o)
                              /usr/lib/gcc/arm-none-eabi/13.2.1/../../../arm-none-eabi/lib/thumb/v7e-m/nofp/libc.a(libc_a-mallocr.o) (sysconf)
/usr/lib/gcc/arm-none-eabi/13.2.1/../../../arm-none-eabi/lib/thumb/v7e-m/nofp/libc.a(libc_a-stdio.o)
                              /usr/lib/gcc/arm-none-eabi/13.2.1/../../../arm-none-eabi/lib/thumb/v7e-m/nofp/libc.a(libc_a-findfp.o) (__sread)
/usr/lib/gcc/arm-none-eabi/13.2.1/../../../arm-none-eabi/lib/thumb/v7e-m/nofp/libc.a(libc_a-__atexit.o)
                              /usr/lib/gcc/arm-none-eabi/13.2.1/../../../arm-none-eabi/lib/thumb/v7e-m/nofp/libc.a(libc_a-atexit.o) (__register_exitproc)
/usr/lib/gcc/arm-none-eabi/13.2.1/../../../arm-none-eabi/lib/thumb/v7e-m/nofp/libc.a(libc_a-writer.o)
                              /usr/lib/gcc/arm-none-eabi/13.2.1/../../../arm-none-eabi/lib/thumb/v7e-m/nofp/libc.a(libc_a-stdio.o) (_write_r)
/usr/lib/gcc/arm-none-eabi/13.2.1/../../../arm-none-eabi/lib/thumb/v7e-m/nofp/libc.a(libc_a-mlock.o)
                              /usr/lib/gcc/arm-none-eabi/13.2.1/../../../arm-none-eabi/lib/thumb/v7e-m/nofp/libc.a(libc_a-mallocr.o) (__malloc_lock)
/usr/lib/gcc/arm-none-eabi/13.2.1/../../../arm-none-eabi/lib/thumb/v7e-m/nofp/libc.a(libc_a-sbrkr.o)
                              /usr/lib/gcc/arm-none-eabi/13.2.1/../../../arm-none-eabi/lib/thumb/v7e-m/nofp/libc.a(libc_a-mallocr.o) (_sbrk_r)
/usr/lib/gcc/arm-none-eabi/13.2.1/../../../arm-none-eabi/lib/thumb/v7e-m/nofp/libc.a(libc_a-closer.o)
                              /usr/lib/gcc/arm-none-eabi/13.2.1/../../../arm-none-eabi/lib/thumb/v7e-m/nofp/libc.a(libc_a-stdio.o) (_close_r)
/usr/lib/gcc/arm-none-eabi/13.2.1/../../../arm-none-eabi/lib/thumb/v7e-m/nofp/libc.a(libc_a-fflush.o)
[...]
Memory Configuration

Name             Origin             Length             Attributes
RAM              0x20000000         0x00005000         xrw
FLASH            0x08000000         0x00020000         xr
*default*        0x00000000         0xffffffff

Linker script and memory map

LOAD /usr/lib/gcc/arm-none-eabi/13.2.1/thumb/v7e-m/nofp/crti.o
LOAD /usr/lib/gcc/arm-none-eabi/13.2.1/thumb/v7e-m/nofp/crtbegin.o
LOAD /usr/lib/gcc/arm-none-eabi/13.2.1/../../../arm-none-eabi/lib/thumb/v7e-m/nofp/crt0.o
LOAD /usr/lib/gcc/arm-none-eabi/13.2.1/../../../arm-none-eabi/lib/thumb/v7e-m/nofp/libstdc++.a
LOAD CMakeFiles/SPI2_MPU-6050.elf.dir/Core/Src/gpio.c.obj
LOAD CMakeFiles/SPI2_MPU-6050.elf.dir/Core/Src/i2c.c.obj
LOAD CMakeFiles/SPI2_MPU-6050.elf.dir/Core/Src/main.c.obj
LOAD CMakeFiles/SPI2_MPU-6050.elf.dir/Core/Src/stm32f1xx_hal_msp.c.obj
LOAD CMakeFiles/SPI2_MPU-6050.elf.dir/Core/Src/stm32f1xx_it.c.obj
LOAD CMakeFiles/SPI2_MPU-6050.elf.dir/Core/Src/syscalls.c.obj
LOAD CMakeFiles/SPI2_MPU-6050.elf.dir/Core/Src/sysmem.c.obj
LOAD CMakeFiles/SPI2_MPU-6050.elf.dir/Core/Src/system_stm32f1xx.c.obj
LOAD CMakeFiles/SPI2_MPU-6050.elf.dir/Core/Src/usart.c.obj
LOAD CMakeFiles/SPI2_MPU-6050.elf.dir/Drivers/STM32F1xx_HAL_Driver/Src/stm32f1xx_hal.c.obj
LOAD CMakeFiles/SPI2_MPU-6050.elf.dir/Drivers/STM32F1xx_HAL_Driver/Src/stm32f1xx_hal_cortex.c.obj
LOAD CMakeFiles/SPI2_MPU-6050.elf.dir/Drivers/STM32F1xx_HAL_Driver/Src/stm32f1xx_hal_dma.c.obj
LOAD CMakeFiles/SPI2_MPU-6050.elf.dir/Drivers/STM32F1xx_HAL_Driver/Src/stm32f1xx_hal_exti.c.obj
LOAD CMakeFiles/SPI2_MPU-6050.elf.dir/Drivers/STM32F1xx_HAL_Driver/Src/stm32f1xx_hal_flash.c.obj
LOAD CMakeFiles/SPI2_MPU-6050.elf.dir/Drivers/STM32F1xx_HAL_Driver/Src/stm32f1xx_hal_flash_ex.c.obj
LOAD CMakeFiles/SPI2_MPU-6050.elf.dir/Drivers/STM32F1xx_HAL_Driver/Src/stm32f1xx_hal_gpio.c.obj
LOAD CMakeFiles/SPI2_MPU-6050.elf.dir/Drivers/STM32F1xx_HAL_Driver/Src/stm32f1xx_hal_gpio_ex.c.obj
LOAD CMakeFiles/SPI2_MPU-6050.elf.dir/Drivers/STM32F1xx_HAL_Driver/Src/stm32f1xx_hal_i2c.c.obj
LOAD CMakeFiles/SPI2_MPU-6050.elf.dir/Drivers/STM32F1xx_HAL_Driver/Src/stm32f1xx_hal_pwr.c.obj
LOAD CMakeFiles/SPI2_MPU-6050.elf.dir/Drivers/STM32F1xx_HAL_Driver/Src/stm32f1xx_hal_rcc.c.obj
LOAD CMakeFiles/SPI2_MPU-6050.elf.dir/Drivers/STM32F1xx_HAL_Driver/Src/stm32f1xx_hal_rcc_ex.c.obj
LOAD CMakeFiles/SPI2_MPU-6050.elf.dir/Drivers/STM32F1xx_HAL_Driver/Src/stm32f1xx_hal_tim.c.obj
LOAD CMakeFiles/SPI2_MPU-6050.elf.dir/Drivers/STM32F1xx_HAL_Driver/Src/stm32f1xx_hal_tim_ex.c.obj
LOAD CMakeFiles/SPI2_MPU-6050.elf.dir/Drivers/STM32F1xx_HAL_Driver/Src/stm32f1xx_hal_uart.c.obj
LOAD CMakeFiles/SPI2_MPU-6050.elf.dir/startup_stm32f103xb.s.obj
LOAD /usr/lib/gcc/arm-none-eabi/13.2.1/../../../arm-none-eabi/lib/thumb/v7e-m/nofp/libm.a
LOAD /usr/lib/gcc/arm-none-eabi/13.2.1/../../../arm-none-eabi/lib/thumb/v7e-m/nofp/libc.a
LOAD /usr/lib/gcc/arm-none-eabi/13.2.1/../../../arm-none-eabi/lib/thumb/v7e-m/nofp/libnosys.a
START GROUP
LOAD /usr/lib/gcc/arm-none-eabi/13.2.1/thumb/v7e-m/nofp/libgcc.a
LOAD /usr/lib/gcc/arm-none-eabi/13.2.1/../../../arm-none-eabi/lib/thumb/v7e-m/nofp/libc.a
END GROUP
START GROUP
LOAD /usr/lib/gcc/arm-none-eabi/13.2.1/thumb/v7e-m/nofp/libgcc.a
LOAD /usr/lib/gcc/arm-none-eabi/13.2.1/../../../arm-none-eabi/lib/thumb/v7e-m/nofp/libc.a
LOAD /usr/lib/gcc/arm-none-eabi/13.2.1/../../../arm-none-eabi/lib/thumb/v7e-m/nofp/libnosys.a
END GROUP
LOAD /usr/lib/gcc/arm-none-eabi/13.2.1/thumb/v7e-m/nofp/crtend.o
LOAD /usr/lib/gcc/arm-none-eabi/13.2.1/thumb/v7e-m/nofp/crtn.o
                0x20005000                        _estack = (ORIGIN (RAM) + LENGTH (RAM))
                0x00000200                        _Min_Heap_Size = 0x200
                0x00000400                        _Min_Stack_Size = 0x400

.isr_vector     0x08000000      0x10c
                0x08000000                        . = ALIGN (0x4)
 *(.isr_vector)
 .isr_vector    0x08000000      0x10c CMakeFiles/SPI2_MPU-6050.elf.dir/startup_stm32f103xb.s.obj
                0x08000000                g_pfnVectors
                0x0800010c                        . = ALIGN (0x4)

.text           0x0800010c     0x2130
                0x0800010c                        . = ALIGN (0x4)
 *(.text)
 .text          0x0800010c       0x88 /usr/lib/gcc/arm-none-eabi/13.2.1/thumb/v7e-m/nofp/crtbegin.o
 .text          0x08000194       0xa4 /usr/lib/gcc/arm-none-eabi/13.2.1/../../../arm-none-eabi/lib/thumb/v7e-m/nofp/libc.a(libc_a-memset.o)
                0x08000194                memset
 .text          0x08000238       0x50 /usr/lib/gcc/arm-none-eabi/13.2.1/../../../arm-none-eabi/lib/thumb/v7e-m/nofp/libc.a(libc_a-init.o)
                0x08000238                __libc_init_array
 .text          0x08000288        0xc /usr/lib/gcc/arm-none-eabi/13.2.1/../../../arm-none-eabi/lib/thumb/v7e-m/nofp/libc.a(libc_a-atexit.o)
                0x08000288                atexit
 .text          0x08000294       0x28 /usr/lib/gcc/arm-none-eabi/13.2.1/../../../arm-none-eabi/lib/thumb/v7e-m/nofp/libc.a(libc_a-fini.o)
                0x08000294                __libc_fini_array
 .text          0x080002bc       0x64 /usr/lib/gcc/arm-none-eabi/13.2.1/../../../arm-none-eabi/lib/thumb/v7e-m/nofp/libc.a(libc_a-__atexit.o)
                0x080002bc                __register_exitproc
 *(.text*)
 .text.MX_GPIO_Init
                0x08000320       0xf8 CMakeFiles/SPI2_MPU-6050.elf.dir/Core/Src/gpio.c.obj
                0x08000320                MX_GPIO_Init
 .text.MX_I2C1_Init
                0x08000418       0x3c CMakeFiles/SPI2_MPU-6050.elf.dir/Core/Src/i2c.c.obj
                0x08000418                MX_I2C1_Init
 .text.HAL_I2C_MspInit
                0x08000454       0x64 CMakeFiles/SPI2_MPU-6050.elf.dir/Core/Src/i2c.c.obj
                0x08000454                HAL_I2C_MspInit
 .text.MPU6050_Init
                0x080004b8       0x2c CMakeFiles/SPI2_MPU-6050.elf.dir/Core/Src/main.c.obj
                0x080004b8                MPU6050_Init
 .text.MPU6050_Read_Accel
                0x080004e4       0x7c CMakeFiles/SPI2_MPU-6050.elf.dir/Core/Src/main.c.obj
                0x080004e4                MPU6050_Read_Accel
 .text.IntToStr
                0x08000560       0x70 CMakeFiles/SPI2_MPU-6050.elf.dir/Core/Src/main.c.obj
                0x08000560                IntToStr
 .text.UART_Send_Accel_Data
                0x080005d0      0x1e8 CMakeFiles/SPI2_MPU-6050.elf.dir/Core/Src/main.c.obj
                0x080005d0                UART_Send_Accel_Data
 .text.Error_Handler
                0x080007b8        0x4 CMakeFiles/SPI2_MPU-6050.elf.dir/Core/Src/main.c.obj
                0x080007b8                Error_Handler
 .text.SystemClock_Config
                0x080007bc       0x64 CMakeFiles/SPI2_MPU-6050.elf.dir/Core/Src/main.c.obj
                0x080007bc                SystemClock_Config
 .text.main     0x08000820       0x34 CMakeFiles/SPI2_MPU-6050.elf.dir/Core/Src/main.c.obj
                0x08000820                main
 .text.HAL_MspInit
                0x08000854       0x44 CMakeFiles/SPI2_MPU-6050.elf.dir/Core/Src/stm32f1xx_hal_msp.c.obj
                0x08000854                HAL_MspInit
 .text.NMI_Handler
                0x08000898        0x2 CMakeFiles/SPI2_MPU-6050.elf.dir/Core/Src/stm32f1xx_it.c.obj
                0x08000898                NMI_Handler
 .text.HardFault_Handler
                0x0800089a        0x2 CMakeFiles/SPI2_MPU-6050.elf.dir/Core/Src/stm32f1xx_it.c.obj
                0x0800089a                HardFault_Handler
 .text.MemManage_Handler
                0x0800089c        0x2 CMakeFiles/SPI2_MPU-6050.elf.dir/Core/Src/stm32f1xx_it.c.obj
                0x0800089c                MemManage_Handler
 .text.BusFault_Handler
                0x0800089e        0x2 CMakeFiles/SPI2_MPU-6050.elf.dir/Core/Src/stm32f1xx_it.c.obj
                0x0800089e                BusFault_Handler
 .text.UsageFault_Handler
                0x080008a0        0x2 CMakeFiles/SPI2_MPU-6050.elf.dir/Core/Src/stm32f1xx_it.c.obj
                0x080008a0                UsageFault_Handler
 .text.SVC_Handler
                0x080008a2        0x2 CMakeFiles/SPI2_MPU-6050.elf.dir/Core/Src/stm32f1xx_it.c.obj
                0x080008a2                SVC_Handler
 .text.DebugMon_Handler
                0x080008a4        0x2 CMakeFiles/SPI2_MPU-6050.elf.dir/Core/Src/stm32f1xx_it.c.obj
                0x080008a4                DebugMon_Handler
 .text.PendSV_Handler
                0x080008a6        0x2 CMakeFiles/SPI2_MPU-6050.elf.dir/Core/Src/stm32f1xx_it.c.obj
                0x080008a6                PendSV_Handler
 .text.SysTick_Handler
                0x080008a8        0x8 CMakeFiles/SPI2_MPU-6050.elf.dir/Core/Src/stm32f1xx_it.c.obj
                0x080008a8                SysTick_Handler
 .text.EXTI15_10_IRQHandler
                0x080008b0        0xc CMakeFiles/SPI2_MPU-6050.elf.dir/Core/Src/stm32f1xx_it.c.obj
                0x080008b0                EXTI15_10_IRQHandler
 .text.SystemInit
                0x080008bc        0x2 CMakeFiles/SPI2_MPU-6050.elf.dir/Core/Src/system_stm32f1xx.c.obj
                0x080008bc                SystemInit
 *fill*         0x080008be        0x2 
 .text.MX_USART2_UART_Init
                0x080008c0       0x34 CMakeFiles/SPI2_MPU-6050.elf.dir/Core/Src/usart.c.obj
                0x080008c0                MX_USART2_UART_Init
 .text.HAL_UART_MspInit
                0x080008f4       0x60 CMakeFiles/SPI2_MPU-6050.elf.dir/Core/Src/usart.c.obj
                0x080008f4                HAL_UART_MspInit
 .text.HAL_InitTick
                0x08000954       0x4c CMakeFiles/SPI2_MPU-6050.elf.dir/Drivers/STM32F1xx_HAL_Driver/Src/stm32f1xx_hal.c.obj
                0x08000954                HAL_InitTick
 .text.HAL_Init
                0x080009a0       0x24 CMakeFiles/SPI2_MPU-6050.elf.dir/Drivers/STM32F1xx_HAL_Driver/Src/stm32f1xx_hal.c.obj
                0x080009a0                HAL_Init
 .text.HAL_IncTick
                0x080009c4       0x18 CMakeFiles/SPI2_MPU-6050.elf.dir/Drivers/STM32F1xx_HAL_Driver/Src/stm32f1xx_hal.c.obj
                0x080009c4                HAL_IncTick
 .text.HAL_GetTick
                0x080009dc        0xc CMakeFiles/SPI2_MPU-6050.elf.dir/Drivers/STM32F1xx_HAL_Driver/Src/stm32f1xx_hal.c.obj
                0x080009dc                HAL_GetTick
 .text.HAL_Delay
                0x080009e8       0x28 CMakeFiles/SPI2_MPU-6050.elf.dir/Drivers/STM32F1xx_HAL_Driver/Src/stm32f1xx_hal.c.obj
                0x080009e8                HAL_Delay
 .text.__NVIC_SetPriority
                0x08000a10       0x28 CMakeFiles/SPI2_MPU-6050.elf.dir/Drivers/STM32F1xx_HAL_Driver/Src/stm32f1xx_hal_cortex.c.obj
 .text.NVIC_EncodePriority
                0x08000a38       0x3e CMakeFiles/SPI2_MPU-6050.elf.dir/Drivers/STM32F1xx_HAL_Driver/Src/stm32f1xx_hal_cortex.c.obj
 *fill*         0x08000a76        0x2 
 .text.HAL_NVIC_SetPriorityGrouping
                0x08000a78       0x24 CMakeFiles/SPI2_MPU-6050.elf.dir/Drivers/STM32F1xx_HAL_Driver/Src/stm32f1xx_hal_cortex.c.obj
                0x08000a78                HAL_NVIC_SetPriorityGrouping
 .text.HAL_NVIC_SetPriority
                0x08000a9c       0x20 CMakeFiles/SPI2_MPU-6050.elf.dir/Drivers/STM32F1xx_HAL_Driver/Src/stm32f1xx_hal_cortex.c.obj
                0x08000a9c                HAL_NVIC_SetPriority
 .text.HAL_NVIC_EnableIRQ
                0x08000abc       0x1c CMakeFiles/SPI2_MPU-6050.elf.dir/Drivers/STM32F1xx_HAL_Driver/Src/stm32f1xx_hal_cortex.c.obj
                0x08000abc                HAL_NVIC_EnableIRQ
 .text.HAL_SYSTICK_Config
                0x08000ad8       0x28 CMakeFiles/SPI2_MPU-6050.elf.dir/Drivers/STM32F1xx_HAL_Driver/Src/stm32f1xx_hal_cortex.c.obj
                0x08000ad8                HAL_SYSTICK_Config
 .text.HAL_GPIO_Init
                0x08000b00      0x21c CMakeFiles/SPI2_MPU-6050.elf.dir/Drivers/STM32F1xx_HAL_Driver/Src/stm32f1xx_hal_gpio.c.obj
                0x08000b00                HAL_GPIO_Init
 .text.HAL_GPIO_WritePin
                0x08000d1c        0xc CMakeFiles/SPI2_MPU-6050.elf.dir/Drivers/STM32F1xx_HAL_Driver/Src/stm32f1xx_hal_gpio.c.obj
                0x08000d1c                HAL_GPIO_WritePin
 .text.HAL_GPIO_EXTI_Callback
                0x08000d28        0x2 CMakeFiles/SPI2_MPU-6050.elf.dir/Drivers/STM32F1xx_HAL_Driver/Src/stm32f1xx_hal_gpio.c.obj
                0x08000d28                HAL_GPIO_EXTI_Callback
 *fill*         0x08000d2a        0x2 
 .text.HAL_GPIO_EXTI_IRQHandler
                0x08000d2c       0x1c CMakeFiles/SPI2_MPU-6050.elf.dir/Drivers/STM32F1xx_HAL_Driver/Src/stm32f1xx_hal_gpio.c.obj
                0x08000d2c                HAL_GPIO_EXTI_IRQHandler
 .text.I2C_IsAcknowledgeFailed
                0x08000d48       0x32 CMakeFiles/SPI2_MPU-6050.elf.dir/Drivers/STM32F1xx_HAL_Driver/Src/stm32f1xx_hal_i2c.c.obj
 .text.I2C_WaitOnFlagUntilTimeout
                0x08000d7a       0xaa CMakeFiles/SPI2_MPU-6050.elf.dir/Drivers/STM32F1xx_HAL_Driver/Src/stm32f1xx_hal_i2c.c.obj
 .text.I2C_WaitOnMasterAddressFlagUntilTimeout
                0x08000e24       0xd6 CMakeFiles/SPI2_MPU-6050.elf.dir/Drivers/STM32F1xx_HAL_Driver/Src/stm32f1xx_hal_i2c.c.obj
 .text.I2C_WaitOnTXEFlagUntilTimeout
                0x08000efa       0x5e CMakeFiles/SPI2_MPU-6050.elf.dir/Drivers/STM32F1xx_HAL_Driver/Src/stm32f1xx_hal_i2c.c.obj
 .text.I2C_RequestMemoryWrite
                0x08000f58       0xd8 CMakeFiles/SPI2_MPU-6050.elf.dir/Drivers/STM32F1xx_HAL_Driver/Src/stm32f1xx_hal_i2c.c.obj
 .text.I2C_RequestMemoryRead
                0x08001030      0x154 CMakeFiles/SPI2_MPU-6050.elf.dir/Drivers/STM32F1xx_HAL_Driver/Src/stm32f1xx_hal_i2c.c.obj
 .text.I2C_WaitOnBTFFlagUntilTimeout
                0x08001184       0x5e CMakeFiles/SPI2_MPU-6050.elf.dir/Drivers/STM32F1xx_HAL_Driver/Src/stm32f1xx_hal_i2c.c.obj
 .text.I2C_WaitOnRXNEFlagUntilTimeout
                0x080011e2       0x78 CMakeFiles/SPI2_MPU-6050.elf.dir/Drivers/STM32F1xx_HAL_Driver/Src/stm32f1xx_hal_i2c.c.obj
 *fill*         0x0800125a        0x2 
 .text.HAL_I2C_Init
                0x0800125c      0x1bc CMakeFiles/SPI2_MPU-6050.elf.dir/Drivers/STM32F1xx_HAL_Driver/Src/stm32f1xx_hal_i2c.c.obj
                0x0800125c                HAL_I2C_Init
 .text.HAL_I2C_Mem_Write
                0x08001418      0x164 CMakeFiles/SPI2_MPU-6050.elf.dir/Drivers/STM32F1xx_HAL_Driver/Src/stm32f1xx_hal_i2c.c.obj
                0x08001418                HAL_I2C_Mem_Write
 .text.HAL_I2C_Mem_Read
                0x0800157c      0x35c CMakeFiles/SPI2_MPU-6050.elf.dir/Drivers/STM32F1xx_HAL_Driver/Src/stm32f1xx_hal_i2c.c.obj
                0x0800157c                HAL_I2C_Mem_Read
 .text.RCC_Delay
                0x080018d8       0x2c CMakeFiles/SPI2_MPU-6050.elf.dir/Drivers/STM32F1xx_HAL_Driver/Src/stm32f1xx_hal_rcc.c.obj
 .text.HAL_RCC_OscConfig
                0x08001904      0x410 CMakeFiles/SPI2_MPU-6050.elf.dir/Drivers/STM32F1xx_HAL_Driver/Src/stm32f1xx_hal_rcc.c.obj
                0x08001904                HAL_RCC_OscConfig
 .text.HAL_RCC_GetSysClockFreq
                0x08001d14       0x54 CMakeFiles/SPI2_MPU-6050.elf.dir/Drivers/STM32F1xx_HAL_Driver/Src/stm32f1xx_hal_rcc.c.obj
                0x08001d14                HAL_RCC_GetSysClockFreq
 .text.HAL_RCC_ClockConfig
                0x08001d68      0x16c CMakeFiles/SPI2_MPU-6050.elf.dir/Drivers/STM32F1xx_HAL_Driver/Src/stm32f1xx_hal_rcc.c.obj
                0x08001d68                HAL_RCC_ClockConfig
 .text.HAL_RCC_GetHCLKFreq
                0x08001ed4        0xc CMakeFiles/SPI2_MPU-6050.elf.dir/Drivers/STM32F1xx_HAL_Driver/Src/stm32f1xx_hal_rcc.c.obj
                0x08001ed4                HAL_RCC_GetHCLKFreq
 .text.HAL_RCC_GetPCLK1Freq
                0x08001ee0       0x20 CMakeFiles/SPI2_MPU-6050.elf.dir/Drivers/STM32F1xx_HAL_Driver/Src/stm32f1xx_hal_rcc.c.obj
                0x08001ee0                HAL_RCC_GetPCLK1Freq
 .text.HAL_RCC_GetPCLK2Freq
                0x08001f00       0x20 CMakeFiles/SPI2_MPU-6050.elf.dir/Drivers/STM32F1xx_HAL_Driver/Src/stm32f1xx_hal_rcc.c.obj
                0x08001f00                HAL_RCC_GetPCLK2Freq
 .text.UART_EndRxTransfer
                0x08001f20       0x5c CMakeFiles/SPI2_MPU-6050.elf.dir/Drivers/STM32F1xx_HAL_Driver/Src/stm32f1xx_hal_uart.c.obj
 .text.UART_SetConfig
                0x08001f7c       0x94 CMakeFiles/SPI2_MPU-6050.elf.dir/Drivers/STM32F1xx_HAL_Driver/Src/stm32f1xx_hal_uart.c.obj
 .text.UART_WaitOnFlagUntilTimeout
                0x08002010       0x86 CMakeFiles/SPI2_MPU-6050.elf.dir/Drivers/STM32F1xx_HAL_Driver/Src/stm32f1xx_hal_uart.c.obj
 .text.HAL_UART_Init
                0x08002096       0x60 CMakeFiles/SPI2_MPU-6050.elf.dir/Drivers/STM32F1xx_HAL_Driver/Src/stm32f1xx_hal_uart.c.obj
                0x08002096                HAL_UART_Init
 .text.HAL_UART_Transmit
                0x080020f6       0xcc CMakeFiles/SPI2_MPU-6050.elf.dir/Drivers/STM32F1xx_HAL_Driver/Src/stm32f1xx_hal_uart.c.obj
                0x080020f6                HAL_UART_Transmit
 *fill*         0x080021c2        0x2 
 .text.Reset_Handler
                0x080021c4       0x48 CMakeFiles/SPI2_MPU-6050.elf.dir/startup_stm32f103xb.s.obj
                0x080021c4                Reset_Handler
 .text.Default_Handler
                0x0800220c        0x2 CMakeFiles/SPI2_MPU-6050.elf.dir/startup_stm32f103xb.s.obj
                0x0800220c                RTC_Alarm_IRQHandler
                0x0800220c                EXTI2_IRQHandler
                0x0800220c                TIM1_CC_IRQHandler
                0x0800220c                PVD_IRQHandler
                0x0800220c                EXTI3_IRQHandler
                0x0800220c                EXTI0_IRQHandler
                0x0800220c                I2C2_EV_IRQHandler
                0x0800220c                ADC1_2_IRQHandler
                0x0800220c                SPI1_IRQHandler
                0x0800220c                TAMPER_IRQHandler
                0x0800220c                DMA1_Channel4_IRQHandler
                0x0800220c                USART3_IRQHandler
                0x0800220c                RTC_IRQHandler
                0x0800220c                DMA1_Channel7_IRQHandler
                0x0800220c                CAN1_RX1_IRQHandler
                0x0800220c                TIM4_IRQHandler
                0x0800220c                I2C1_EV_IRQHandler
                0x0800220c                DMA1_Channel6_IRQHandler
                0x0800220c                TIM3_IRQHandler
                0x0800220c                RCC_IRQHandler
                0x0800220c                TIM1_TRG_COM_IRQHandler
                0x0800220c                DMA1_Channel1_IRQHandler
                0x0800220c                Default_Handler
                0x0800220c                EXTI9_5_IRQHandler
                0x0800220c                SPI2_IRQHandler
                0x0800220c                DMA1_Channel5_IRQHandler
                0x0800220c                EXTI4_IRQHandler
                0x0800220c                USB_LP_CAN1_RX0_IRQHandler
                0x0800220c                USB_HP_CAN1_TX_IRQHandler
                0x0800220c                DMA1_Channel3_IRQHandler
                0x0800220c                TIM1_UP_IRQHandler
                0x0800220c                WWDG_IRQHandler
                0x0800220c                TIM2_IRQHandler
                0x0800220c                TIM1_BRK_IRQHandler
                0x0800220c                EXTI1_IRQHandler
                0x0800220c                USART2_IRQHandler
                0x0800220c                I2C2_ER_IRQHandler
                0x0800220c                DMA1_Channel2_IRQHandler
                0x0800220c                CAN1_SCE_IRQHandler
                0x0800220c                FLASH_IRQHandler
                0x0800220c                USART1_IRQHandler
                0x0800220c                I2C1_ER_IRQHandler
                0x0800220c                USBWakeUp_IRQHandler
 *fill*         0x0800220e        0x2 
 .text.startup  0x08002210       0x14 /usr/lib/gcc/arm-none-eabi/13.2.1/../../../arm-none-eabi/lib/thumb/v7e-m/nofp/libc.a(libc_a-__call_atexit.o)
 *(.glue_7)
 .glue_7        0x08002224        0x0 linker stubs
 *(.glue_7t)
 .glue_7t       0x08002224        0x0 linker stubs
 *(.eh_frame)
 .eh_frame      0x08002224        0x0 /usr/lib/gcc/arm-none-eabi/13.2.1/thumb/v7e-m/nofp/crtbegin.o
 *(.init)
 .init          0x08002224        0x4 /usr/lib/gcc/arm-none-eabi/13.2.1/thumb/v7e-m/nofp/crti.o
                0x08002224                _init
 .init          0x08002228        0x8 /usr/lib/gcc/arm-none-eabi/13.2.1/thumb/v7e-m/nofp/crtn.o
 *(.fini)
 .fini          0x08002230        0x4 /usr/lib/gcc/arm-none-eabi/13.2.1/thumb/v7e-m/nofp/crti.o
                0x08002230                _fini
 .fini          0x08002234        0x8 /usr/lib/gcc/arm-none-eabi/13.2.1/thumb/v7e-m/nofp/crtn.o
                0x0800223c                        . = ALIGN (0x4)
                0x0800223c                        _etext = .

.vfp11_veneer   0x0800223c        0x0
 .vfp11_veneer  0x0800223c        0x0 linker stubs

.v4_bx          0x0800223c        0x0
 .v4_bx         0x0800223c        0x0 linker stubs

.iplt           0x0800223c        0x0
 .iplt          0x0800223c        0x0 /usr/lib/gcc/arm-none-eabi/13.2.1/thumb/v7e-m/nofp/crtbegin.o

.rodata         0x0800223c       0x2c
                0x0800223c                        . = ALIGN (0x4)
 *(.rodata)
 *(.rodata*)
 .rodata.APBPrescTable
                0x0800223c        0x8 CMakeFiles/SPI2_MPU-6050.elf.dir/Core/Src/system_stm32f1xx.c.obj
                0x0800223c                APBPrescTable
 .rodata.AHBPrescTable
                0x08002244       0x10 CMakeFiles/SPI2_MPU-6050.elf.dir/Core/Src/system_stm32f1xx.c.obj
                0x08002244                AHBPrescTable
 .rodata.aPredivFactorTable.0
                0x08002254        0x2 CMakeFiles/SPI2_MPU-6050.elf.dir/Drivers/STM32F1xx_HAL_Driver/Src/stm32f1xx_hal_rcc.c.obj
 *fill*         0x08002256        0x2 
 .rodata.aPLLMULFactorTable.1
                0x08002258       0x10 CMakeFiles/SPI2_MPU-6050.elf.dir/Drivers/STM32F1xx_HAL_Driver/Src/stm32f1xx_hal_rcc.c.obj
                0x08002268                        . = ALIGN (0x4)

.rel.dyn        0x08002268        0x0
 .rel.iplt      0x08002268        0x0 /usr/lib/gcc/arm-none-eabi/13.2.1/thumb/v7e-m/nofp/crtbegin.o

.ARM.extab
 *(.ARM.extab* .gnu.linkonce.armextab.*)

.ARM            0x08002268        0x0
                0x08002268                        __exidx_start = .
 *(.ARM.exidx*)
                0x08002268                        __exidx_end = .

.preinit_array  0x08002268        0x0
                0x08002268                        PROVIDE (__preinit_array_start = .)
 *(.preinit_array*)
                0x08002268                        PROVIDE (__preinit_array_end = .)

.init_array     0x08002268        0x8
                0x08002268                        PROVIDE (__init_array_start = .)
 *(SORT_BY_NAME(.init_array.*))
 .init_array.00000
                0x08002268        0x4 /usr/lib/gcc/arm-none-eabi/13.2.1/../../../arm-none-eabi/lib/thumb/v7e-m/nofp/libc.a(libc_a-__call_atexit.o)
 *(.init_array*)
 .init_array    0x0800226c        0x4 /usr/lib/gcc/arm-none-eabi/13.2.1/thumb/v7e-m/nofp/crtbegin.o
                0x08002270                        PROVIDE (__init_array_end = .)

.fini_array     0x08002270        0x4
                0x08002270                        PROVIDE (__fini_array_start = .)
 *(SORT_BY_NAME(.fini_array.*))
 *(.fini_array*)
 .fini_array    0x08002270        0x4 /usr/lib/gcc/arm-none-eabi/13.2.1/thumb/v7e-m/nofp/crtbegin.o
                0x08002274                        PROVIDE (__fini_array_end = .)
                0x08002274                        _sidata = LOADADDR (.data)

.data           0x20000000        0xc load address 0x08002274
                0x20000000                        . = ALIGN (0x4)
                0x20000000                        _sdata = .
 *(.data)
 *(.data*)
 .data.SystemCoreClock
                0x20000000        0x4 CMakeFiles/SPI2_MPU-6050.elf.dir/Core/Src/system_stm32f1xx.c.obj
                0x20000000                SystemCoreClock
 .data.uwTickFreq
                0x20000004        0x1 CMakeFiles/SPI2_MPU-6050.elf.dir/Drivers/STM32F1xx_HAL_Driver/Src/stm32f1xx_hal.c.obj
                0x20000004                uwTickFreq
 *fill*         0x20000005        0x3 
 .data.uwTickPrio
                0x20000008        0x4 CMakeFiles/SPI2_MPU-6050.elf.dir/Drivers/STM32F1xx_HAL_Driver/Src/stm32f1xx_hal.c.obj
                0x20000008                uwTickPrio
                0x2000000c                        . = ALIGN (0x4)
                0x2000000c                        _edata = .

.tm_clone_table
                0x2000000c        0x0 load address 0x08002280
 .tm_clone_table
                0x2000000c        0x0 /usr/lib/gcc/arm-none-eabi/13.2.1/thumb/v7e-m/nofp/crtbegin.o
 .tm_clone_table
                0x2000000c        0x0 /usr/lib/gcc/arm-none-eabi/13.2.1/thumb/v7e-m/nofp/crtend.o

.igot.plt       0x2000000c        0x0 load address 0x08002280
 .igot.plt      0x2000000c        0x0 /usr/lib/gcc/arm-none-eabi/13.2.1/thumb/v7e-m/nofp/crtbegin.o
                0x2000000c                        . = ALIGN (0x4)

.bss            0x2000000c      0x250 load address 0x08002280
                0x2000000c                        _sbss = .
                0x2000000c                        __bss_start__ = _sbss
 *(.bss)
 .bss           0x2000000c       0x1c /usr/lib/gcc/arm-none-eabi/13.2.1/thumb/v7e-m/nofp/crtbegin.o
 .bss           0x20000028        0x4 /usr/lib/gcc/arm-none-eabi/13.2.1/../../../arm-none-eabi/lib/thumb/v7e-m/nofp/libc.a(libc_a-__call_atexit.o)
                0x20000028                __atexit
 .bss           0x2000002c      0x190 /usr/lib/gcc/arm-none-eabi/13.2.1/../../../arm-none-eabi/lib/thumb/v7e-m/nofp/libc.a(libc_a-__atexit.o)
                0x2000002c                __atexit0
 *(.bss*)
 .bss.hi2c1     0x200001bc       0x54 CMakeFiles/SPI2_MPU-6050.elf.dir/Core/Src/i2c.c.obj
                0x200001bc                hi2c1
 .bss.huart2    0x20000210       0x48 CMakeFiles/SPI2_MPU-6050.elf.dir/Core/Src/usart.c.obj
                0x20000210                huart2
 .bss.uwTick    0x20000258        0x4 CMakeFiles/SPI2_MPU-6050.elf.dir/Drivers/STM32F1xx_HAL_Driver/Src/stm32f1xx_hal.c.obj
                0x20000258                uwTick
 *(COMMON)
                0x2000025c                        . = ALIGN (0x4)
                0x2000025c                        _ebss = .
                0x2000025c                        __bss_end__ = _ebss

._user_heap_stack
                0x2000025c      0x604 load address 0x08002280
                0x20000260                        . = ALIGN (0x8)
 *fill*         0x2000025c        0x4 
                [!provide]                        PROVIDE (end = .)
                0x20000260                        PROVIDE (_end = .)
                0x20000460                        . = (. + _Min_Heap_Size)
 *fill*         0x20000260      0x200 
                0x20000860                        . = (. + _Min_Stack_Size)
 *fill*         0x20000460      0x400 
                0x20000860                        . = ALIGN (0x8)

/DISCARD/
 libc.a(*)
 libm.a(*)
 libgcc.a(*)

.ARM.attributes
                0x00000000       0x2a
 *(.ARM.attributes)
 .ARM.attributes
                0x00000000       0x1e /usr/lib/gcc/arm-none-eabi/13.2.1/thumb/v7e-m/nofp/crti.o
 .ARM.attributes
                0x0000001e       0x2e /usr/lib/gcc/arm-none-eabi/13.2.1/thumb/v7e-m/nofp/crtbegin.o
 .ARM.attributes
                0x0000004c       0x2e CMakeFiles/SPI2_MPU-6050.elf.dir/Core/Src/gpio.c.obj
 .ARM.attributes
                0x0000007a       0x2e CMakeFiles/SPI2_MPU-6050.elf.dir/Core/Src/i2c.c.obj
 .ARM.attributes
                0x000000a8       0x2e CMakeFiles/SPI2_MPU-6050.elf.dir/Core/Src/main.c.obj
 .ARM.attributes
                0x000000d6       0x2e CMakeFiles/SPI2_MPU-6050.elf.dir/Core/Src/stm32f1xx_hal_msp.c.obj
 .ARM.attributes
                0x00000104       0x2e CMakeFiles/SPI2_MPU-6050.elf.dir/Core/Src/stm32f1xx_it.c.obj
 .ARM.attributes
                0x00000132       0x2e CMakeFiles/SPI2_MPU-6050.elf.dir/Core/Src/system_stm32f1xx.c.obj
 .ARM.attributes
                0x00000160       0x2e CMakeFiles/SPI2_MPU-6050.elf.dir/Core/Src/usart.c.obj
 .ARM.attributes
                0x0000018e       0x2e CMakeFiles/SPI2_MPU-6050.elf.dir/Drivers/STM32F1xx_HAL_Driver/Src/stm32f1xx_hal.c.obj
 .ARM.attributes
                0x000001bc       0x2e CMakeFiles/SPI2_MPU-6050.elf.dir/Drivers/STM32F1xx_HAL_Driver/Src/stm32f1xx_hal_cortex.c.obj
 .ARM.attributes
                0x000001ea       0x2e CMakeFiles/SPI2_MPU-6050.elf.dir/Drivers/STM32F1xx_HAL_Driver/Src/stm32f1xx_hal_gpio.c.obj
 .ARM.attributes
                0x00000218       0x2e CMakeFiles/SPI2_MPU-6050.elf.dir/Drivers/STM32F1xx_HAL_Driver/Src/stm32f1xx_hal_i2c.c.obj
 .ARM.attributes
                0x00000246       0x2e CMakeFiles/SPI2_MPU-6050.elf.dir/Drivers/STM32F1xx_HAL_Driver/Src/stm32f1xx_hal_rcc.c.obj
 .ARM.attributes
                0x00000274       0x2e CMakeFiles/SPI2_MPU-6050.elf.dir/Drivers/STM32F1xx_HAL_Driver/Src/stm32f1xx_hal_uart.c.obj
 .ARM.attributes
                0x000002a2       0x21 CMakeFiles/SPI2_MPU-6050.elf.dir/startup_stm32f103xb.s.obj
 .ARM.attributes
                0x000002c3       0x2e /usr/lib/gcc/arm-none-eabi/13.2.1/../../../arm-none-eabi/lib/thumb/v7e-m/nofp/libc.a(libc_a-memset.o)
 .ARM.attributes
                0x000002f1       0x2e /usr/lib/gcc/arm-none-eabi/13.2.1/../../../arm-none-eabi/lib/thumb/v7e-m/nofp/libc.a(libc_a-init.o)
 .ARM.attributes
                0x0000031f       0x2e /usr/lib/gcc/arm-none-eabi/13.2.1/../../../arm-none-eabi/lib/thumb/v7e-m/nofp/libc.a(libc_a-atexit.o)
 .ARM.attributes
                0x0000034d       0x2e /usr/lib/gcc/arm-none-eabi/13.2.1/../../../arm-none-eabi/lib/thumb/v7e-m/nofp/libc.a(libc_a-fini.o)
 .ARM.attributes
                0x0000037b       0x2e /usr/lib/gcc/arm-none-eabi/13.2.1/../../../arm-none-eabi/lib/thumb/v7e-m/nofp/libc.a(libc_a-__call_atexit.o)
 .ARM.attributes
                0x000003a9       0x2e /usr/lib/gcc/arm-none-eabi/13.2.1/../../../arm-none-eabi/lib/thumb/v7e-m/nofp/libc.a(libc_a-__atexit.o)
 .ARM.attributes
                0x000003d7       0x2e /usr/lib/gcc/arm-none-eabi/13.2.1/thumb/v7e-m/nofp/crtend.o
 .ARM.attributes
                0x00000405       0x1e /usr/lib/gcc/arm-none-eabi/13.2.1/thumb/v7e-m/nofp/crtn.o
OUTPUT(SPI2_MPU-6050.elf elf32-littlearm)
LOAD linker stubs
LOAD /usr/lib/gcc/arm-none-eabi/13.2.1/../../../arm-none-eabi/lib/thumb/v7e-m/nofp/libc.a
LOAD /usr/lib/gcc/arm-none-eabi/13.2.1/../../../arm-none-eabi/lib/thumb/v7e-m/nofp/libm.a
LOAD /usr/lib/gcc/arm-none-eabi/13.2.1/thumb/v7e-m/nofp/libgcc.a

.comment        0x00000000       0x26
 .comment       0x00000000       0x26 /usr/lib/gcc/arm-none-eabi/13.2.1/thumb/v7e-m/nofp/crtbegin.o
                                 0x27 (size before relaxing)
 .comment       0x00000026       0x27 CMakeFiles/SPI2_MPU-6050.elf.dir/Core/Src/gpio.c.obj
 .comment       0x00000026       0x27 CMakeFiles/SPI2_MPU-6050.elf.dir/Core/Src/i2c.c.obj
 .comment       0x00000026       0x27 CMakeFiles/SPI2_MPU-6050.elf.dir/Core/Src/main.c.obj
 .comment       0x00000026       0x27 CMakeFiles/SPI2_MPU-6050.elf.dir/Core/Src/stm32f1xx_hal_msp.c.obj
 .comment       0x00000026       0x27 CMakeFiles/SPI2_MPU-6050.elf.dir/Core/Src/stm32f1xx_it.c.obj
 .comment       0x00000026       0x27 CMakeFiles/SPI2_MPU-6050.elf.dir/Core/Src/system_stm32f1xx.c.obj
 .comment       0x00000026       0x27 CMakeFiles/SPI2_MPU-6050.elf.dir/Core/Src/usart.c.obj
 .comment       0x00000026       0x27 CMakeFiles/SPI2_MPU-6050.elf.dir/Drivers/STM32F1xx_HAL_Driver/Src/stm32f1xx_hal.c.obj
 .comment       0x00000026       0x27 CMakeFiles/SPI2_MPU-6050.elf.dir/Drivers/STM32F1xx_HAL_Driver/Src/stm32f1xx_hal_cortex.c.obj
 .comment       0x00000026       0x27 CMakeFiles/SPI2_MPU-6050.elf.dir/Drivers/STM32F1xx_HAL_Driver/Src/stm32f1xx_hal_gpio.c.obj
 .comment       0x00000026       0x27 CMakeFiles/SPI2_MPU-6050.elf.dir/Drivers/STM32F1xx_HAL_Driver/Src/stm32f1xx_hal_i2c.c.obj
 .comment       0x00000026       0x27 CMakeFiles/SPI2_MPU-6050.elf.dir/Drivers/STM32F1xx_HAL_Driver/Src/stm32f1xx_hal_rcc.c.obj
 .comment       0x00000026       0x27 CMakeFiles/SPI2_MPU-6050.elf.dir/Drivers/STM32F1xx_HAL_Driver/Src/stm32f1xx_hal_uart.c.obj
 .comment       0x00000026       0x27 /usr/lib/gcc/arm-none-eabi/13.2.1/../../../arm-none-eabi/lib/thumb/v7e-m/nofp/libc.a(libc_a-memset.o)
 .comment       0x00000026       0x27 /usr/lib/gcc/arm-none-eabi/13.2.1/../../../arm-none-eabi/lib/thumb/v7e-m/nofp/libc.a(libc_a-init.o)
 .comment       0x00000026       0x27 /usr/lib/gcc/arm-none-eabi/13.2.1/../../../arm-none-eabi/lib/thumb/v7e-m/nofp/libc.a(libc_a-atexit.o)
 .comment       0x00000026       0x27 /usr/lib/gcc/arm-none-eabi/13.2.1/../../../arm-none-eabi/lib/thumb/v7e-m/nofp/libc.a(libc_a-fini.o)
 .comment       0x00000026       0x27 /usr/lib/gcc/arm-none-eabi/13.2.1/../../../arm-none-eabi/lib/thumb/v7e-m/nofp/libc.a(libc_a-__call_atexit.o)
 .comment       0x00000026       0x27 /usr/lib/gcc/arm-none-eabi/13.2.1/../../../arm-none-eabi/lib/thumb/v7e-m/nofp/libc.a(libc_a-__atexit.o)
 .comment       0x00000026       0x27 /usr/lib/gcc/arm-none-eabi/13.2.1/thumb/v7e-m/nofp/crtend.o

.debug_info     0x00000000     0xcd68
 .debug_info    0x00000000      0x507 CMakeFiles/SPI2_MPU-6050.elf.dir/Core/Src/gpio.c.obj
 .debug_info    0x00000507      0x82c CMakeFiles/SPI2_MPU-6050.elf.dir/Core/Src/i2c.c.obj
 .debug_info    0x00000d33      0xe29 CMakeFiles/SPI2_MPU-6050.elf.dir/Core/Src/main.c.obj
 .debug_info    0x00001b5c      0x1e1 CMakeFiles/SPI2_MPU-6050.elf.dir/Core/Src/stm32f1xx_hal_msp.c.obj
 .debug_info    0x00001d3d      0x158 CMakeFiles/SPI2_MPU-6050.elf.dir/Core/Src/stm32f1xx_it.c.obj
 .debug_info    0x00001e95      0x20c CMakeFiles/SPI2_MPU-6050.elf.dir/Core/Src/system_stm32f1xx.c.obj
 .debug_info    0x000020a1      0x7c9 CMakeFiles/SPI2_MPU-6050.elf.dir/Core/Src/usart.c.obj
 .debug_info    0x0000286a      0x78f CMakeFiles/SPI2_MPU-6050.elf.dir/Drivers/STM32F1xx_HAL_Driver/Src/stm32f1xx_hal.c.obj
 .debug_info    0x00002ff9      0xcae CMakeFiles/SPI2_MPU-6050.elf.dir/Drivers/STM32F1xx_HAL_Driver/Src/stm32f1xx_hal_cortex.c.obj
 .debug_info    0x00003ca7      0x5e5 CMakeFiles/SPI2_MPU-6050.elf.dir/Drivers/STM32F1xx_HAL_Driver/Src/stm32f1xx_hal_gpio.c.obj
 .debug_info    0x0000428c     0x38e0 CMakeFiles/SPI2_MPU-6050.elf.dir/Drivers/STM32F1xx_HAL_Driver/Src/stm32f1xx_hal_i2c.c.obj
 .debug_info    0x00007b6c      0x99c CMakeFiles/SPI2_MPU-6050.elf.dir/Drivers/STM32F1xx_HAL_Driver/Src/stm32f1xx_hal_rcc.c.obj
 .debug_info    0x00008508     0x3f5a CMakeFiles/SPI2_MPU-6050.elf.dir/Drivers/STM32F1xx_HAL_Driver/Src/stm32f1xx_hal_uart.c.obj
 .debug_info    0x0000c462       0x30 CMakeFiles/SPI2_MPU-6050.elf.dir/startup_stm32f103xb.s.obj
 .debug_info    0x0000c492      0x135 /usr/lib/gcc/arm-none-eabi/13.2.1/../../../arm-none-eabi/lib/thumb/v7e-m/nofp/libc.a(libc_a-memset.o)
 .debug_info    0x0000c5c7      0x10b /usr/lib/gcc/arm-none-eabi/13.2.1/../../../arm-none-eabi/lib/thumb/v7e-m/nofp/libc.a(libc_a-init.o)
 .debug_info    0x0000c6d2      0x11e /usr/lib/gcc/arm-none-eabi/13.2.1/../../../arm-none-eabi/lib/thumb/v7e-m/nofp/libc.a(libc_a-atexit.o)
 .debug_info    0x0000c7f0       0xf7 /usr/lib/gcc/arm-none-eabi/13.2.1/../../../arm-none-eabi/lib/thumb/v7e-m/nofp/libc.a(libc_a-fini.o)
 .debug_info    0x0000c8e7      0x284 /usr/lib/gcc/arm-none-eabi/13.2.1/../../../arm-none-eabi/lib/thumb/v7e-m/nofp/libc.a(libc_a-__call_atexit.o)
 .debug_info    0x0000cb6b      0x1fd /usr/lib/gcc/arm-none-eabi/13.2.1/../../../arm-none-eabi/lib/thumb/v7e-m/nofp/libc.a(libc_a-__atexit.o)

.debug_abbrev   0x00000000     0x21c1
 .debug_abbrev  0x00000000      0x173 CMakeFiles/SPI2_MPU-6050.elf.dir/Core/Src/gpio.c.obj
 .debug_abbrev  0x00000173      0x1fc CMakeFiles/SPI2_MPU-6050.elf.dir/Core/Src/i2c.c.obj
 .debug_abbrev  0x0000036f      0x2f2 CMakeFiles/SPI2_MPU-6050.elf.dir/Core/Src/main.c.obj
 .debug_abbrev  0x00000661       0xed CMakeFiles/SPI2_MPU-6050.elf.dir/Core/Src/stm32f1xx_hal_msp.c.obj
 .debug_abbrev  0x0000074e       0xbb CMakeFiles/SPI2_MPU-6050.elf.dir/Core/Src/stm32f1xx_it.c.obj
 .debug_abbrev  0x00000809      0x144 CMakeFiles/SPI2_MPU-6050.elf.dir/Core/Src/system_stm32f1xx.c.obj
 .debug_abbrev  0x0000094d      0x204 CMakeFiles/SPI2_MPU-6050.elf.dir/Core/Src/usart.c.obj
 .debug_abbrev  0x00000b51      0x22d CMakeFiles/SPI2_MPU-6050.elf.dir/Drivers/STM32F1xx_HAL_Driver/Src/stm32f1xx_hal.c.obj
 .debug_abbrev  0x00000d7e      0x36d CMakeFiles/SPI2_MPU-6050.elf.dir/Drivers/STM32F1xx_HAL_Driver/Src/stm32f1xx_hal_cortex.c.obj
 .debug_abbrev  0x000010eb      0x1f7 CMakeFiles/SPI2_MPU-6050.elf.dir/Drivers/STM32F1xx_HAL_Driver/Src/stm32f1xx_hal_gpio.c.obj
 .debug_abbrev  0x000012e2      0x2be CMakeFiles/SPI2_MPU-6050.elf.dir/Drivers/STM32F1xx_HAL_Driver/Src/stm32f1xx_hal_i2c.c.obj
 .debug_abbrev  0x000015a0      0x2a0 CMakeFiles/SPI2_MPU-6050.elf.dir/Drivers/STM32F1xx_HAL_Driver/Src/stm32f1xx_hal_rcc.c.obj
 .debug_abbrev  0x00001840      0x31c CMakeFiles/SPI2_MPU-6050.elf.dir/Drivers/STM32F1xx_HAL_Driver/Src/stm32f1xx_hal_uart.c.obj
 .debug_abbrev  0x00001b5c       0x24 CMakeFiles/SPI2_MPU-6050.elf.dir/startup_stm32f103xb.s.obj
 .debug_abbrev  0x00001b80       0xb7 /usr/lib/gcc/arm-none-eabi/13.2.1/../../../arm-none-eabi/lib/thumb/v7e-m/nofp/libc.a(libc_a-memset.o)
 .debug_abbrev  0x00001c37       0xc9 /usr/lib/gcc/arm-none-eabi/13.2.1/../../../arm-none-eabi/lib/thumb/v7e-m/nofp/libc.a(libc_a-init.o)
 .debug_abbrev  0x00001d00       0xc1 /usr/lib/gcc/arm-none-eabi/13.2.1/../../../arm-none-eabi/lib/thumb/v7e-m/nofp/libc.a(libc_a-atexit.o)
 .debug_abbrev  0x00001dc1       0xcc /usr/lib/gcc/arm-none-eabi/13.2.1/../../../arm-none-eabi/lib/thumb/v7e-m/nofp/libc.a(libc_a-fini.o)
 .debug_abbrev  0x00001e8d      0x1dd /usr/lib/gcc/arm-none-eabi/13.2.1/../../../arm-none-eabi/lib/thumb/v7e-m/nofp/libc.a(libc_a-__call_atexit.o)
 .debug_abbrev  0x0000206a      0x157 /usr/lib/gcc/arm-none-eabi/13.2.1/../../../arm-none-eabi/lib/thumb/v7e-m/nofp/libc.a(libc_a-__atexit.o)

.debug_aranges  0x00000000      0x9a8
 .debug_aranges
                0x00000000       0x20 CMakeFiles/SPI2_MPU-6050.elf.dir/Core/Src/gpio.c.obj
 .debug_aranges
                0x00000020       0x30 CMakeFiles/SPI2_MPU-6050.elf.dir/Core/Src/i2c.c.obj
 .debug_aranges
                0x00000050       0x50 CMakeFiles/SPI2_MPU-6050.elf.dir/Core/Src/main.c.obj
 .debug_aranges
                0x000000a0       0x20 CMakeFiles/SPI2_MPU-6050.elf.dir/Core/Src/stm32f1xx_hal_msp.c.obj
 .debug_aranges
                0x000000c0       0x68 CMakeFiles/SPI2_MPU-6050.elf.dir/Core/Src/stm32f1xx_it.c.obj
 .debug_aranges
                0x00000128       0x28 CMakeFiles/SPI2_MPU-6050.elf.dir/Core/Src/system_stm32f1xx.c.obj
 .debug_aranges
                0x00000150       0x30 CMakeFiles/SPI2_MPU-6050.elf.dir/Core/Src/usart.c.obj
 .debug_aranges
                0x00000180       0xe0 CMakeFiles/SPI2_MPU-6050.elf.dir/Drivers/STM32F1xx_HAL_Driver/Src/stm32f1xx_hal.c.obj
 .debug_aranges
                0x00000260       0xc0 CMakeFiles/SPI2_MPU-6050.elf.dir/Drivers/STM32F1xx_HAL_Driver/Src/stm32f1xx_hal_cortex.c.obj
 .debug_aranges
                0x00000320       0x58 CMakeFiles/SPI2_MPU-6050.elf.dir/Drivers/STM32F1xx_HAL_Driver/Src/stm32f1xx_hal_gpio.c.obj
 .debug_aranges
                0x00000378      0x2a8 CMakeFiles/SPI2_MPU-6050.elf.dir/Drivers/STM32F1xx_HAL_Driver/Src/stm32f1xx_hal_i2c.c.obj
 .debug_aranges
                0x00000620       0x90 CMakeFiles/SPI2_MPU-6050.elf.dir/Drivers/STM32F1xx_HAL_Driver/Src/stm32f1xx_hal_rcc.c.obj
 .debug_aranges
                0x000006b0      0x208 CMakeFiles/SPI2_MPU-6050.elf.dir/Drivers/STM32F1xx_HAL_Driver/Src/stm32f1xx_hal_uart.c.obj
 .debug_aranges
                0x000008b8       0x28 CMakeFiles/SPI2_MPU-6050.elf.dir/startup_stm32f103xb.s.obj
 .debug_aranges
                0x000008e0       0x20 /usr/lib/gcc/arm-none-eabi/13.2.1/../../../arm-none-eabi/lib/thumb/v7e-m/nofp/libc.a(libc_a-memset.o)
 .debug_aranges
                0x00000900       0x20 /usr/lib/gcc/arm-none-eabi/13.2.1/../../../arm-none-eabi/lib/thumb/v7e-m/nofp/libc.a(libc_a-init.o)
 .debug_aranges
                0x00000920       0x20 /usr/lib/gcc/arm-none-eabi/13.2.1/../../../arm-none-eabi/lib/thumb/v7e-m/nofp/libc.a(libc_a-atexit.o)
 .debug_aranges
                0x00000940       0x20 /usr/lib/gcc/arm-none-eabi/13.2.1/../../../arm-none-eabi/lib/thumb/v7e-m/nofp/libc.a(libc_a-fini.o)
 .debug_aranges
                0x00000960       0x28 /usr/lib/gcc/arm-none-eabi/13.2.1/../../../arm-none-eabi/lib/thumb/v7e-m/nofp/libc.a(libc_a-__call_atexit.o)
 .debug_aranges
                0x00000988       0x20 /usr/lib/gcc/arm-none-eabi/13.2.1/../../../arm-none-eabi/lib/thumb/v7e-m/nofp/libc.a(libc_a-__atexit.o)

.debug_rnglists
                0x00000000      0x714
 .debug_rnglists
                0x00000000       0x14 CMakeFiles/SPI2_MPU-6050.elf.dir/Core/Src/gpio.c.obj
 .debug_rnglists
                0x00000014       0x1f CMakeFiles/SPI2_MPU-6050.elf.dir/Core/Src/i2c.c.obj
 .debug_rnglists
                0x00000033       0x38 CMakeFiles/SPI2_MPU-6050.elf.dir/Core/Src/main.c.obj
 .debug_rnglists
                0x0000006b       0x13 CMakeFiles/SPI2_MPU-6050.elf.dir/Core/Src/stm32f1xx_hal_msp.c.obj
 .debug_rnglists
                0x0000007e       0x49 CMakeFiles/SPI2_MPU-6050.elf.dir/Core/Src/stm32f1xx_it.c.obj
 .debug_rnglists
                0x000000c7       0x1a CMakeFiles/SPI2_MPU-6050.elf.dir/Core/Src/system_stm32f1xx.c.obj
 .debug_rnglists
                0x000000e1       0x1f CMakeFiles/SPI2_MPU-6050.elf.dir/Core/Src/usart.c.obj
 .debug_rnglists
                0x00000100       0xa3 CMakeFiles/SPI2_MPU-6050.elf.dir/Drivers/STM32F1xx_HAL_Driver/Src/stm32f1xx_hal.c.obj
 .debug_rnglists
                0x000001a3       0x8b CMakeFiles/SPI2_MPU-6050.elf.dir/Drivers/STM32F1xx_HAL_Driver/Src/stm32f1xx_hal_cortex.c.obj
 .debug_rnglists
                0x0000022e       0x3f CMakeFiles/SPI2_MPU-6050.elf.dir/Drivers/STM32F1xx_HAL_Driver/Src/stm32f1xx_hal_gpio.c.obj
 .debug_rnglists
                0x0000026d      0x236 CMakeFiles/SPI2_MPU-6050.elf.dir/Drivers/STM32F1xx_HAL_Driver/Src/stm32f1xx_hal_i2c.c.obj
 .debug_rnglists
                0x000004a3       0x7d CMakeFiles/SPI2_MPU-6050.elf.dir/Drivers/STM32F1xx_HAL_Driver/Src/stm32f1xx_hal_rcc.c.obj
 .debug_rnglists
                0x00000520      0x1a1 CMakeFiles/SPI2_MPU-6050.elf.dir/Drivers/STM32F1xx_HAL_Driver/Src/stm32f1xx_hal_uart.c.obj
 .debug_rnglists
                0x000006c1       0x19 CMakeFiles/SPI2_MPU-6050.elf.dir/startup_stm32f103xb.s.obj
 .debug_rnglists
                0x000006da       0x3a /usr/lib/gcc/arm-none-eabi/13.2.1/../../../arm-none-eabi/lib/thumb/v7e-m/nofp/libc.a(libc_a-__call_atexit.o)

.debug_line     0x00000000     0xc5ce
 .debug_line    0x00000000      0x249 CMakeFiles/SPI2_MPU-6050.elf.dir/Core/Src/gpio.c.obj
 .debug_line    0x00000249      0x2f4 CMakeFiles/SPI2_MPU-6050.elf.dir/Core/Src/i2c.c.obj
 .debug_line    0x0000053d      0x6a5 CMakeFiles/SPI2_MPU-6050.elf.dir/Core/Src/main.c.obj
 .debug_line    0x00000be2      0x134 CMakeFiles/SPI2_MPU-6050.elf.dir/Core/Src/stm32f1xx_hal_msp.c.obj
 .debug_line    0x00000d16      0x200 CMakeFiles/SPI2_MPU-6050.elf.dir/Core/Src/stm32f1xx_it.c.obj
 .debug_line    0x00000f16      0x1fc CMakeFiles/SPI2_MPU-6050.elf.dir/Core/Src/system_stm32f1xx.c.obj
 .debug_line    0x00001112      0x2ef CMakeFiles/SPI2_MPU-6050.elf.dir/Core/Src/usart.c.obj
 .debug_line    0x00001401      0x541 CMakeFiles/SPI2_MPU-6050.elf.dir/Drivers/STM32F1xx_HAL_Driver/Src/stm32f1xx_hal.c.obj
 .debug_line    0x00001942      0x68c CMakeFiles/SPI2_MPU-6050.elf.dir/Drivers/STM32F1xx_HAL_Driver/Src/stm32f1xx_hal_cortex.c.obj
 .debug_line    0x00001fce      0x5b5 CMakeFiles/SPI2_MPU-6050.elf.dir/Drivers/STM32F1xx_HAL_Driver/Src/stm32f1xx_hal_gpio.c.obj
 .debug_line    0x00002583     0x565b CMakeFiles/SPI2_MPU-6050.elf.dir/Drivers/STM32F1xx_HAL_Driver/Src/stm32f1xx_hal_i2c.c.obj
 .debug_line    0x00007bde      0xc8f CMakeFiles/SPI2_MPU-6050.elf.dir/Drivers/STM32F1xx_HAL_Driver/Src/stm32f1xx_hal_rcc.c.obj
 .debug_line    0x0000886d     0x34b2 CMakeFiles/SPI2_MPU-6050.elf.dir/Drivers/STM32F1xx_HAL_Driver/Src/stm32f1xx_hal_uart.c.obj
 .debug_line    0x0000bd1f       0x78 CMakeFiles/SPI2_MPU-6050.elf.dir/startup_stm32f103xb.s.obj
 .debug_line    0x0000bd97      0x1b6 /usr/lib/gcc/arm-none-eabi/13.2.1/../../../arm-none-eabi/lib/thumb/v7e-m/nofp/libc.a(libc_a-memset.o)
 .debug_line    0x0000bf4d      0x11e /usr/lib/gcc/arm-none-eabi/13.2.1/../../../arm-none-eabi/lib/thumb/v7e-m/nofp/libc.a(libc_a-init.o)
 .debug_line    0x0000c06b       0xc3 /usr/lib/gcc/arm-none-eabi/13.2.1/../../../arm-none-eabi/lib/thumb/v7e-m/nofp/libc.a(libc_a-atexit.o)
 .debug_line    0x0000c12e       0xd2 /usr/lib/gcc/arm-none-eabi/13.2.1/../../../arm-none-eabi/lib/thumb/v7e-m/nofp/libc.a(libc_a-fini.o)
 .debug_line    0x0000c200      0x27f /usr/lib/gcc/arm-none-eabi/13.2.1/../../../arm-none-eabi/lib/thumb/v7e-m/nofp/libc.a(libc_a-__call_atexit.o)
 .debug_line    0x0000c47f      0x14f /usr/lib/gcc/arm-none-eabi/13.2.1/../../../arm-none-eabi/lib/thumb/v7e-m/nofp/libc.a(libc_a-__atexit.o)

.debug_str      0x00000000     0x2e9c
 .debug_str     0x00000000     0x2e9c CMakeFiles/SPI2_MPU-6050.elf.dir/Core/Src/gpio.c.obj
                                0x5ac (size before relaxing)
 .debug_str     0x00002e9c      0x756 CMakeFiles/SPI2_MPU-6050.elf.dir/Core/Src/i2c.c.obj
 .debug_str     0x00002e9c      0xad8 CMakeFiles/SPI2_MPU-6050.elf.dir/Core/Src/main.c.obj
 .debug_str     0x00002e9c      0x244 CMakeFiles/SPI2_MPU-6050.elf.dir/Core/Src/stm32f1xx_hal_msp.c.obj
 .debug_str     0x00002e9c      0x289 CMakeFiles/SPI2_MPU-6050.elf.dir/Core/Src/stm32f1xx_it.c.obj
 .debug_str     0x00002e9c      0x26f CMakeFiles/SPI2_MPU-6050.elf.dir/Core/Src/system_stm32f1xx.c.obj
 .debug_str     0x00002e9c      0x6e2 CMakeFiles/SPI2_MPU-6050.elf.dir/Core/Src/usart.c.obj
 .debug_str     0x00002e9c      0x853 CMakeFiles/SPI2_MPU-6050.elf.dir/Drivers/STM32F1xx_HAL_Driver/Src/stm32f1xx_hal.c.obj
 .debug_str     0x00002e9c      0x8e4 CMakeFiles/SPI2_MPU-6050.elf.dir/Drivers/STM32F1xx_HAL_Driver/Src/stm32f1xx_hal_cortex.c.obj
 .debug_str     0x00002e9c      0x41a CMakeFiles/SPI2_MPU-6050.elf.dir/Drivers/STM32F1xx_HAL_Driver/Src/stm32f1xx_hal_gpio.c.obj
 .debug_str     0x00002e9c      0xfd5 CMakeFiles/SPI2_MPU-6050.elf.dir/Drivers/STM32F1xx_HAL_Driver/Src/stm32f1xx_hal_i2c.c.obj
 .debug_str     0x00002e9c      0x63b CMakeFiles/SPI2_MPU-6050.elf.dir/Drivers/STM32F1xx_HAL_Driver/Src/stm32f1xx_hal_rcc.c.obj
 .debug_str     0x00002e9c      0xd04 CMakeFiles/SPI2_MPU-6050.elf.dir/Drivers/STM32F1xx_HAL_Driver/Src/stm32f1xx_hal_uart.c.obj
 .debug_str     0x00002e9c       0x92 CMakeFiles/SPI2_MPU-6050.elf.dir/startup_stm32f103xb.s.obj
 .debug_str     0x00002e9c      0x1a2 /usr/lib/gcc/arm-none-eabi/13.2.1/../../../arm-none-eabi/lib/thumb/v7e-m/nofp/libc.a(libc_a-memset.o)
 .debug_str     0x00002e9c      0x1ef /usr/lib/gcc/arm-none-eabi/13.2.1/../../../arm-none-eabi/lib/thumb/v7e-m/nofp/libc.a(libc_a-init.o)
 .debug_str     0x00002e9c      0x1cb /usr/lib/gcc/arm-none-eabi/13.2.1/../../../arm-none-eabi/lib/thumb/v7e-m/nofp/libc.a(libc_a-atexit.o)
 .debug_str     0x00002e9c      0x1c5 /usr/lib/gcc/arm-none-eabi/13.2.1/../../../arm-none-eabi/lib/thumb/v7e-m/nofp/libc.a(libc_a-fini.o)
 .debug_str     0x00002e9c      0x258 /usr/lib/gcc/arm-none-eabi/13.2.1/../../../arm-none-eabi/lib/thumb/v7e-m/nofp/libc.a(libc_a-__call_atexit.o)
 .debug_str     0x00002e9c      0x236 /usr/lib/gcc/arm-none-eabi/13.2.1/../../../arm-none-eabi/lib/thumb/v7e-m/nofp/libc.a(libc_a-__atexit.o)

.debug_frame    0x00000000     0x1954
 .debug_frame   0x00000000       0x38 CMakeFiles/SPI2_MPU-6050.elf.dir/Core/Src/gpio.c.obj
 .debug_frame   0x00000038       0x60 CMakeFiles/SPI2_MPU-6050.elf.dir/Core/Src/i2c.c.obj
 .debug_frame   0x00000098       0xdc CMakeFiles/SPI2_MPU-6050.elf.dir/Core/Src/main.c.obj
 .debug_frame   0x00000174       0x28 CMakeFiles/SPI2_MPU-6050.elf.dir/Core/Src/stm32f1xx_hal_msp.c.obj
 .debug_frame   0x0000019c       0xc0 CMakeFiles/SPI2_MPU-6050.elf.dir/Core/Src/stm32f1xx_it.c.obj
 .debug_frame   0x0000025c       0x30 CMakeFiles/SPI2_MPU-6050.elf.dir/Core/Src/system_stm32f1xx.c.obj
 .debug_frame   0x0000028c       0x60 CMakeFiles/SPI2_MPU-6050.elf.dir/Core/Src/usart.c.obj
 .debug_frame   0x000002ec      0x1cc CMakeFiles/SPI2_MPU-6050.elf.dir/Drivers/STM32F1xx_HAL_Driver/Src/stm32f1xx_hal.c.obj
 .debug_frame   0x000004b8      0x19c CMakeFiles/SPI2_MPU-6050.elf.dir/Drivers/STM32F1xx_HAL_Driver/Src/stm32f1xx_hal_cortex.c.obj
 .debug_frame   0x00000654       0xe4 CMakeFiles/SPI2_MPU-6050.elf.dir/Drivers/STM32F1xx_HAL_Driver/Src/stm32f1xx_hal_gpio.c.obj
 .debug_frame   0x00000738      0x988 CMakeFiles/SPI2_MPU-6050.elf.dir/Drivers/STM32F1xx_HAL_Driver/Src/stm32f1xx_hal_i2c.c.obj
 .debug_frame   0x000010c0      0x184 CMakeFiles/SPI2_MPU-6050.elf.dir/Drivers/STM32F1xx_HAL_Driver/Src/stm32f1xx_hal_rcc.c.obj
 .debug_frame   0x00001244      0x5dc CMakeFiles/SPI2_MPU-6050.elf.dir/Drivers/STM32F1xx_HAL_Driver/Src/stm32f1xx_hal_uart.c.obj
 .debug_frame   0x00001820       0x2c /usr/lib/gcc/arm-none-eabi/13.2.1/../../../arm-none-eabi/lib/thumb/v7e-m/nofp/libc.a(libc_a-memset.o)
 .debug_frame   0x0000184c       0x2c /usr/lib/gcc/arm-none-eabi/13.2.1/../../../arm-none-eabi/lib/thumb/v7e-m/nofp/libc.a(libc_a-init.o)
 .debug_frame   0x00001878       0x20 /usr/lib/gcc/arm-none-eabi/13.2.1/../../../arm-none-eabi/lib/thumb/v7e-m/nofp/libc.a(libc_a-atexit.o)
 .debug_frame   0x00001898       0x34 /usr/lib/gcc/arm-none-eabi/13.2.1/../../../arm-none-eabi/lib/thumb/v7e-m/nofp/libc.a(libc_a-fini.o)
 .debug_frame   0x000018cc       0x54 /usr/lib/gcc/arm-none-eabi/13.2.1/../../../arm-none-eabi/lib/thumb/v7e-m/nofp/libc.a(libc_a-__call_atexit.o)
 .debug_frame   0x00001920       0x34 /usr/lib/gcc/arm-none-eabi/13.2.1/../../../arm-none-eabi/lib/thumb/v7e-m/nofp/libc.a(libc_a-__atexit.o)

.debug_loclists
                0x00000000     0x748d
 .debug_loclists
                0x00000000       0x5d CMakeFiles/SPI2_MPU-6050.elf.dir/Core/Src/i2c.c.obj
 .debug_loclists
                0x0000005d      0x2cb CMakeFiles/SPI2_MPU-6050.elf.dir/Core/Src/main.c.obj
 .debug_loclists
                0x00000328       0x17 CMakeFiles/SPI2_MPU-6050.elf.dir/Core/Src/stm32f1xx_hal_msp.c.obj
 .debug_loclists
                0x0000033f       0xb7 CMakeFiles/SPI2_MPU-6050.elf.dir/Core/Src/system_stm32f1xx.c.obj
 .debug_loclists
                0x000003f6       0x74 CMakeFiles/SPI2_MPU-6050.elf.dir/Core/Src/usart.c.obj
 .debug_loclists
                0x0000046a       0xe1 CMakeFiles/SPI2_MPU-6050.elf.dir/Drivers/STM32F1xx_HAL_Driver/Src/stm32f1xx_hal.c.obj
 .debug_loclists
                0x0000054b      0x530 CMakeFiles/SPI2_MPU-6050.elf.dir/Drivers/STM32F1xx_HAL_Driver/Src/stm32f1xx_hal_cortex.c.obj
 .debug_loclists
                0x00000a7b      0x318 CMakeFiles/SPI2_MPU-6050.elf.dir/Drivers/STM32F1xx_HAL_Driver/Src/stm32f1xx_hal_gpio.c.obj
 .debug_loclists
                0x00000d93     0x31ca CMakeFiles/SPI2_MPU-6050.elf.dir/Drivers/STM32F1xx_HAL_Driver/Src/stm32f1xx_hal_i2c.c.obj
 .debug_loclists
                0x00003f5d      0x42e CMakeFiles/SPI2_MPU-6050.elf.dir/Drivers/STM32F1xx_HAL_Driver/Src/stm32f1xx_hal_rcc.c.obj
 .debug_loclists
                0x0000438b     0x2c86 CMakeFiles/SPI2_MPU-6050.elf.dir/Drivers/STM32F1xx_HAL_Driver/Src/stm32f1xx_hal_uart.c.obj
 .debug_loclists
                0x00007011      0x1c2 /usr/lib/gcc/arm-none-eabi/13.2.1/../../../arm-none-eabi/lib/thumb/v7e-m/nofp/libc.a(libc_a-memset.o)
 .debug_loclists
                0x000071d3       0x65 /usr/lib/gcc/arm-none-eabi/13.2.1/../../../arm-none-eabi/lib/thumb/v7e-m/nofp/libc.a(libc_a-init.o)
 .debug_loclists
                0x00007238       0x2b /usr/lib/gcc/arm-none-eabi/13.2.1/../../../arm-none-eabi/lib/thumb/v7e-m/nofp/libc.a(libc_a-atexit.o)
 .debug_loclists
                0x00007263       0x42 /usr/lib/gcc/arm-none-eabi/13.2.1/../../../arm-none-eabi/lib/thumb/v7e-m/nofp/libc.a(libc_a-fini.o)
 .debug_loclists
                0x000072a5      0x102 /usr/lib/gcc/arm-none-eabi/13.2.1/../../../arm-none-eabi/lib/thumb/v7e-m/nofp/libc.a(libc_a-__call_atexit.o)
 .debug_loclists
                0x000073a7       0xe6 /usr/lib/gcc/arm-none-eabi/13.2.1/../../../arm-none-eabi/lib/thumb/v7e-m/nofp/libc.a(libc_a-__atexit.o)

.debug_line_str
                0x00000000       0x78
 .debug_line_str
                0x00000000       0x78 CMakeFiles/SPI2_MPU-6050.elf.dir/startup_stm32f103xb.s.obj
