Archive member included to satisfy reference by file (symbol)

/usr/lib/gcc/arm-none-eabi/13.2.1/../../../arm-none-eabi/lib/thumb/v7e-m/nofp/libc.a(libc_a-memset.o)
                              /usr/lib/gcc/arm-none-eabi/13.2.1/../../../arm-none-eabi/lib/thumb/v7e-m/nofp/crt0.o (memset)
/usr/lib/gcc/arm-none-eabi/13.2.1/../../../arm-none-eabi/lib/thumb/v7e-m/nofp/libc.a(libc_a-errno.o)
                              CMakeFiles/SPI2_MPU-6050.elf.dir/Core/Src/syscalls.c.obj (__errno)
/usr/lib/gcc/arm-none-eabi/13.2.1/../../../arm-none-eabi/lib/thumb/v7e-m/nofp/libc.a(libc_a-impure.o)
                              /usr/lib/gcc/arm-none-eabi/13.2.1/../../../arm-none-eabi/lib/thumb/v7e-m/nofp/libc.a(libc_a-errno.o) (_impure_ptr)
/usr/lib/gcc/arm-none-eabi/13.2.1/../../../arm-none-eabi/lib/thumb/v7e-m/nofp/libc.a(libc_a-init.o)
                              /usr/lib/gcc/arm-none-eabi/13.2.1/../../../arm-none-eabi/lib/thumb/v7e-m/nofp/crt0.o (__libc_init_array)
/usr/lib/gcc/arm-none-eabi/13.2.1/../../../arm-none-eabi/lib/thumb/v7e-m/nofp/libc.a(libc_a-findfp.o)
                              /usr/lib/gcc/arm-none-eabi/13.2.1/../../../arm-none-eabi/lib/thumb/v7e-m/nofp/libc.a(libc_a-impure.o) (__sf)
/usr/lib/gcc/arm-none-eabi/13.2.1/../../../arm-none-eabi/lib/thumb/v7e-m/nofp/libc.a(libc_a-exit.o)
                              /usr/lib/gcc/arm-none-eabi/13.2.1/../../../arm-none-eabi/lib/thumb/v7e-m/nofp/crt0.o (exit)
/usr/lib/gcc/arm-none-eabi/13.2.1/../../../arm-none-eabi/lib/thumb/v7e-m/nofp/libc.a(libc_a-atexit.o)
                              /usr/lib/gcc/arm-none-eabi/13.2.1/../../../arm-none-eabi/lib/thumb/v7e-m/nofp/crt0.o (atexit)
/usr/lib/gcc/arm-none-eabi/13.2.1/../../../arm-none-eabi/lib/thumb/v7e-m/nofp/libc.a(libc_a-fini.o)
                              /usr/lib/gcc/arm-none-eabi/13.2.1/../../../arm-none-eabi/lib/thumb/v7e-m/nofp/crt0.o (__libc_fini_array)
/usr/lib/gcc/arm-none-eabi/13.2.1/../../../arm-none-eabi/lib/thumb/v7e-m/nofp/libc.a(libc_a-fwalk.o)
                              /usr/lib/gcc/arm-none-eabi/13.2.1/../../../arm-none-eabi/lib/thumb/v7e-m/nofp/libc.a(libc_a-findfp.o) (_fwalk_sglue)
/usr/lib/gcc/arm-none-eabi/13.2.1/../../../arm-none-eabi/lib/thumb/v7e-m/nofp/libc.a(libc_a-mallocr.o)
                              /usr/lib/gcc/arm-none-eabi/13.2.1/../../../arm-none-eabi/lib/thumb/v7e-m/nofp/libc.a(libc_a-findfp.o) (_malloc_r)
/usr/lib/gcc/arm-none-eabi/13.2.1/../../../arm-none-eabi/lib/thumb/v7e-m/nofp/libc.a(libc_a-freer.o)
                              /usr/lib/gcc/arm-none-eabi/13.2.1/../../../arm-none-eabi/lib/thumb/v7e-m/nofp/libc.a(libc_a-mallocr.o) (_free_r)
/usr/lib/gcc/arm-none-eabi/13.2.1/../../../arm-none-eabi/lib/thumb/v7e-m/nofp/libc.a(libc_a-fclose.o)
                              /usr/lib/gcc/arm-none-eabi/13.2.1/../../../arm-none-eabi/lib/thumb/v7e-m/nofp/libc.a(libc_a-findfp.o) (_fclose_r)
/usr/lib/gcc/arm-none-eabi/13.2.1/../../../arm-none-eabi/lib/thumb/v7e-m/nofp/libc.a(libc_a-__call_atexit.o)
                              /usr/lib/gcc/arm-none-eabi/13.2.1/../../../arm-none-eabi/lib/thumb/v7e-m/nofp/libc.a(libc_a-exit.o) (__call_exitprocs)
/usr/lib/gcc/arm-none-eabi/13.2.1/../../../arm-none-eabi/lib/thumb/v7e-m/nofp/libc.a(libc_a-sysconf.o)
                              /usr/lib/gcc/arm-none-eabi/13.2.1/../../../arm-none-eabi/lib/thumb/v7e-m/nofp/libc.a(libc_a-mallocr.o) (sysconf)
/usr/lib/gcc/arm-none-eabi/13.2.1/../../../arm-none-eabi/lib/thumb/v7e-m/nofp/libc.a(libc_a-stdio.o)
                              /usr/lib/gcc/arm-none-eabi/13.2.1/../../../arm-none-eabi/lib/thumb/v7e-m/nofp/libc.a(libc_a-findfp.o) (__sread)
/usr/lib/gcc/arm-none-eabi/13.2.1/../../../arm-none-eabi/lib/thumb/v7e-m/nofp/libc.a(libc_a-__atexit.o)
                              /usr/lib/gcc/arm-none-eabi/13.2.1/../../../arm-none-eabi/lib/thumb/v7e-m/nofp/libc.a(libc_a-atexit.o) (__register_exitproc)
/usr/lib/gcc/arm-none-eabi/13.2.1/../../../arm-none-eabi/lib/thumb/v7e-m/nofp/libc.a(libc_a-writer.o)
                              /usr/lib/gcc/arm-none-eabi/13.2.1/../../../arm-none-eabi/lib/thumb/v7e-m/nofp/libc.a(libc_a-stdio.o) (_write_r)
/usr/lib/gcc/arm-none-eabi/13.2.1/../../../arm-none-eabi/lib/thumb/v7e-m/nofp/libc.a(libc_a-mlock.o)
                              /usr/lib/gcc/arm-none-eabi/13.2.1/../../../arm-none-eabi/lib/thumb/v7e-m/nofp/libc.a(libc_a-mallocr.o) (__malloc_lock)
/usr/lib/gcc/arm-none-eabi/13.2.1/../../../arm-none-eabi/lib/thumb/v7e-m/nofp/libc.a(libc_a-sbrkr.o)
                              /usr/lib/gcc/arm-none-eabi/13.2.1/../../../arm-none-eabi/lib/thumb/v7e-m/nofp/libc.a(libc_a-mallocr.o) (_sbrk_r)
/usr/lib/gcc/arm-none-eabi/13.2.1/../../../arm-none-eabi/lib/thumb/v7e-m/nofp/libc.a(libc_a-closer.o)
                              /usr/lib/gcc/arm-none-eabi/13.2.1/../../../arm-none-eabi/lib/thumb/v7e-m/nofp/libc.a(libc_a-stdio.o) (_close_r)
/usr/lib/gcc/arm-none-eabi/13.2.1/../../../arm-none-eabi/lib/thumb/v7e-m/nofp/libc.a(libc_a-fflush.o)
[...]
Memory Configuration

Name             Origin             Length             Attributes
RAM              0x20000000         0x00005000         xrw
FLASH            0x08000000         0x00020000         xr
*default*        0x00000000         0xffffffff

Linker script and memory map

LOAD /usr/lib/gcc/arm-none-eabi/13.2.1/thumb/v7e-m/nofp/crti.o
LOAD /usr/lib/gcc/arm-none-eabi/13.2.1/thumb/v7e-m/nofp/crtbegin.o
LOAD /usr/lib/gcc/arm-none-eabi/13.2.1/../../../arm-none-eabi/lib/thumb/v7e-m/nofp/crt0.o
LOAD /usr/lib/gcc/arm-none-eabi/13.2.1/../../../arm-none-eabi/lib/thumb/v7e-m/nofp/libstdc++.a
LOAD CMakeFiles/SPI2_MPU-6050.elf.dir/Core/Src/gpio.c.obj
LOAD CMakeFiles/SPI2_MPU-6050.elf.dir/Core/Src/main.c.obj
LOAD CMakeFiles/SPI2_MPU-6050.elf.dir/Core/Src/spi.c.obj
LOAD CMakeFiles/SPI2_MPU-6050.elf.dir/Core/Src/stm32f1xx_hal_msp.c.obj
LOAD CMakeFiles/SPI2_MPU-6050.elf.dir/Core/Src/stm32f1xx_it.c.obj
LOAD CMakeFiles/SPI2_MPU-6050.elf.dir/Core/Src/syscalls.c.obj
LOAD CMakeFiles/SPI2_MPU-6050.elf.dir/Core/Src/sysmem.c.obj
LOAD CMakeFiles/SPI2_MPU-6050.elf.dir/Core/Src/system_stm32f1xx.c.obj
LOAD CMakeFiles/SPI2_MPU-6050.elf.dir/Core/Src/usart.c.obj
LOAD CMakeFiles/SPI2_MPU-6050.elf.dir/Drivers/STM32F1xx_HAL_Driver/Src/stm32f1xx_hal.c.obj
LOAD CMakeFiles/SPI2_MPU-6050.elf.dir/Drivers/STM32F1xx_HAL_Driver/Src/stm32f1xx_hal_cortex.c.obj
LOAD CMakeFiles/SPI2_MPU-6050.elf.dir/Drivers/STM32F1xx_HAL_Driver/Src/stm32f1xx_hal_dma.c.obj
LOAD CMakeFiles/SPI2_MPU-6050.elf.dir/Drivers/STM32F1xx_HAL_Driver/Src/stm32f1xx_hal_exti.c.obj
LOAD CMakeFiles/SPI2_MPU-6050.elf.dir/Drivers/STM32F1xx_HAL_Driver/Src/stm32f1xx_hal_flash.c.obj
LOAD CMakeFiles/SPI2_MPU-6050.elf.dir/Drivers/STM32F1xx_HAL_Driver/Src/stm32f1xx_hal_flash_ex.c.obj
LOAD CMakeFiles/SPI2_MPU-6050.elf.dir/Drivers/STM32F1xx_HAL_Driver/Src/stm32f1xx_hal_gpio.c.obj
LOAD CMakeFiles/SPI2_MPU-6050.elf.dir/Drivers/STM32F1xx_HAL_Driver/Src/stm32f1xx_hal_gpio_ex.c.obj
LOAD CMakeFiles/SPI2_MPU-6050.elf.dir/Drivers/STM32F1xx_HAL_Driver/Src/stm32f1xx_hal_pwr.c.obj
LOAD CMakeFiles/SPI2_MPU-6050.elf.dir/Drivers/STM32F1xx_HAL_Driver/Src/stm32f1xx_hal_rcc.c.obj
LOAD CMakeFiles/SPI2_MPU-6050.elf.dir/Drivers/STM32F1xx_HAL_Driver/Src/stm32f1xx_hal_rcc_ex.c.obj
LOAD CMakeFiles/SPI2_MPU-6050.elf.dir/Drivers/STM32F1xx_HAL_Driver/Src/stm32f1xx_hal_spi.c.obj
LOAD CMakeFiles/SPI2_MPU-6050.elf.dir/Drivers/STM32F1xx_HAL_Driver/Src/stm32f1xx_hal_tim.c.obj
LOAD CMakeFiles/SPI2_MPU-6050.elf.dir/Drivers/STM32F1xx_HAL_Driver/Src/stm32f1xx_hal_tim_ex.c.obj
LOAD CMakeFiles/SPI2_MPU-6050.elf.dir/Drivers/STM32F1xx_HAL_Driver/Src/stm32f1xx_hal_uart.c.obj
LOAD CMakeFiles/SPI2_MPU-6050.elf.dir/startup_stm32f103xb.s.obj
START GROUP
LOAD /usr/lib/gcc/arm-none-eabi/13.2.1/thumb/v7e-m/nofp/libgcc.a
LOAD /usr/lib/gcc/arm-none-eabi/13.2.1/../../../arm-none-eabi/lib/thumb/v7e-m/nofp/libc.a
END GROUP
START GROUP
LOAD /usr/lib/gcc/arm-none-eabi/13.2.1/thumb/v7e-m/nofp/libgcc.a
LOAD /usr/lib/gcc/arm-none-eabi/13.2.1/../../../arm-none-eabi/lib/thumb/v7e-m/nofp/libc.a
LOAD /usr/lib/gcc/arm-none-eabi/13.2.1/../../../arm-none-eabi/lib/thumb/v7e-m/nofp/libnosys.a
END GROUP
LOAD /usr/lib/gcc/arm-none-eabi/13.2.1/thumb/v7e-m/nofp/crtend.o
LOAD /usr/lib/gcc/arm-none-eabi/13.2.1/thumb/v7e-m/nofp/crtn.o
                0x20005000                        _estack = (ORIGIN (RAM) + LENGTH (RAM))
                0x00000200                        _Min_Heap_Size = 0x200
                0x00000400                        _Min_Stack_Size = 0x400

.isr_vector     0x08000000      0x10c
                0x08000000                        . = ALIGN (0x4)
 *(.isr_vector)
 .isr_vector    0x08000000      0x10c CMakeFiles/SPI2_MPU-6050.elf.dir/startup_stm32f103xb.s.obj
                0x08000000                g_pfnVectors
                0x0800010c                        . = ALIGN (0x4)

.text           0x0800010c     0x1134
                0x0800010c                        . = ALIGN (0x4)
 *(.text)
 .text          0x0800010c       0x88 /usr/lib/gcc/arm-none-eabi/13.2.1/thumb/v7e-m/nofp/crtbegin.o
 .text          0x08000194       0xa4 /usr/lib/gcc/arm-none-eabi/13.2.1/../../../arm-none-eabi/lib/thumb/v7e-m/nofp/libc.a(libc_a-memset.o)
                0x08000194                memset
 .text          0x08000238       0x50 /usr/lib/gcc/arm-none-eabi/13.2.1/../../../arm-none-eabi/lib/thumb/v7e-m/nofp/libc.a(libc_a-init.o)
                0x08000238                __libc_init_array
 .text          0x08000288        0xc /usr/lib/gcc/arm-none-eabi/13.2.1/../../../arm-none-eabi/lib/thumb/v7e-m/nofp/libc.a(libc_a-atexit.o)
                0x08000288                atexit
 .text          0x08000294       0x28 /usr/lib/gcc/arm-none-eabi/13.2.1/../../../arm-none-eabi/lib/thumb/v7e-m/nofp/libc.a(libc_a-fini.o)
                0x08000294                __libc_fini_array
 .text          0x080002bc       0x64 /usr/lib/gcc/arm-none-eabi/13.2.1/../../../arm-none-eabi/lib/thumb/v7e-m/nofp/libc.a(libc_a-__atexit.o)
                0x080002bc                __register_exitproc
 *(.text*)
 .text.MX_GPIO_Init
                0x08000320       0xb4 CMakeFiles/SPI2_MPU-6050.elf.dir/Core/Src/gpio.c.obj
                0x08000320                MX_GPIO_Init
 .text.Error_Handler
                0x080003d4        0x4 CMakeFiles/SPI2_MPU-6050.elf.dir/Core/Src/main.c.obj
                0x080003d4                Error_Handler
 .text.SystemClock_Config
                0x080003d8       0x5e CMakeFiles/SPI2_MPU-6050.elf.dir/Core/Src/main.c.obj
                0x080003d8                SystemClock_Config
 .text.main     0x08000436       0x18 CMakeFiles/SPI2_MPU-6050.elf.dir/Core/Src/main.c.obj
                0x08000436                main
 *fill*         0x0800044e        0x2 
 .text.MX_SPI2_Init
                0x08000450       0x40 CMakeFiles/SPI2_MPU-6050.elf.dir/Core/Src/spi.c.obj
                0x08000450                MX_SPI2_Init
 .text.HAL_SPI_MspInit
                0x08000490       0x78 CMakeFiles/SPI2_MPU-6050.elf.dir/Core/Src/spi.c.obj
                0x08000490                HAL_SPI_MspInit
 .text.HAL_MspInit
                0x08000508       0x44 CMakeFiles/SPI2_MPU-6050.elf.dir/Core/Src/stm32f1xx_hal_msp.c.obj
                0x08000508                HAL_MspInit
 .text.NMI_Handler
                0x0800054c        0x2 CMakeFiles/SPI2_MPU-6050.elf.dir/Core/Src/stm32f1xx_it.c.obj
                0x0800054c                NMI_Handler
 .text.HardFault_Handler
                0x0800054e        0x2 CMakeFiles/SPI2_MPU-6050.elf.dir/Core/Src/stm32f1xx_it.c.obj
                0x0800054e                HardFault_Handler
 .text.MemManage_Handler
                0x08000550        0x2 CMakeFiles/SPI2_MPU-6050.elf.dir/Core/Src/stm32f1xx_it.c.obj
                0x08000550                MemManage_Handler
 .text.BusFault_Handler
                0x08000552        0x2 CMakeFiles/SPI2_MPU-6050.elf.dir/Core/Src/stm32f1xx_it.c.obj
                0x08000552                BusFault_Handler
 .text.UsageFault_Handler
                0x08000554        0x2 CMakeFiles/SPI2_MPU-6050.elf.dir/Core/Src/stm32f1xx_it.c.obj
                0x08000554                UsageFault_Handler
 .text.SVC_Handler
                0x08000556        0x2 CMakeFiles/SPI2_MPU-6050.elf.dir/Core/Src/stm32f1xx_it.c.obj
                0x08000556                SVC_Handler
 .text.DebugMon_Handler
                0x08000558        0x2 CMakeFiles/SPI2_MPU-6050.elf.dir/Core/Src/stm32f1xx_it.c.obj
                0x08000558                DebugMon_Handler
 .text.PendSV_Handler
                0x0800055a        0x2 CMakeFiles/SPI2_MPU-6050.elf.dir/Core/Src/stm32f1xx_it.c.obj
                0x0800055a                PendSV_Handler
 .text.SysTick_Handler
                0x0800055c        0x8 CMakeFiles/SPI2_MPU-6050.elf.dir/Core/Src/stm32f1xx_it.c.obj
                0x0800055c                SysTick_Handler
 .text.EXTI15_10_IRQHandler
                0x08000564        0xc CMakeFiles/SPI2_MPU-6050.elf.dir/Core/Src/stm32f1xx_it.c.obj
                0x08000564                EXTI15_10_IRQHandler
 .text.SystemInit
                0x08000570        0x2 CMakeFiles/SPI2_MPU-6050.elf.dir/Core/Src/system_stm32f1xx.c.obj
                0x08000570                SystemInit
 *fill*         0x08000572        0x2 
 .text.MX_USART2_UART_Init
                0x08000574       0x34 CMakeFiles/SPI2_MPU-6050.elf.dir/Core/Src/usart.c.obj
                0x08000574                MX_USART2_UART_Init
 .text.HAL_UART_MspInit
                0x080005a8       0x60 CMakeFiles/SPI2_MPU-6050.elf.dir/Core/Src/usart.c.obj
                0x080005a8                HAL_UART_MspInit
 .text.HAL_InitTick
                0x08000608       0x4c CMakeFiles/SPI2_MPU-6050.elf.dir/Drivers/STM32F1xx_HAL_Driver/Src/stm32f1xx_hal.c.obj
                0x08000608                HAL_InitTick
 .text.HAL_Init
                0x08000654       0x24 CMakeFiles/SPI2_MPU-6050.elf.dir/Drivers/STM32F1xx_HAL_Driver/Src/stm32f1xx_hal.c.obj
                0x08000654                HAL_Init
 .text.HAL_IncTick
                0x08000678       0x18 CMakeFiles/SPI2_MPU-6050.elf.dir/Drivers/STM32F1xx_HAL_Driver/Src/stm32f1xx_hal.c.obj
                0x08000678                HAL_IncTick
 .text.HAL_GetTick
                0x08000690        0xc CMakeFiles/SPI2_MPU-6050.elf.dir/Drivers/STM32F1xx_HAL_Driver/Src/stm32f1xx_hal.c.obj
                0x08000690                HAL_GetTick
 .text.__NVIC_SetPriority
                0x0800069c       0x28 CMakeFiles/SPI2_MPU-6050.elf.dir/Drivers/STM32F1xx_HAL_Driver/Src/stm32f1xx_hal_cortex.c.obj
 .text.NVIC_EncodePriority
                0x080006c4       0x3e CMakeFiles/SPI2_MPU-6050.elf.dir/Drivers/STM32F1xx_HAL_Driver/Src/stm32f1xx_hal_cortex.c.obj
 *fill*         0x08000702        0x2 
 .text.HAL_NVIC_SetPriorityGrouping
                0x08000704       0x24 CMakeFiles/SPI2_MPU-6050.elf.dir/Drivers/STM32F1xx_HAL_Driver/Src/stm32f1xx_hal_cortex.c.obj
                0x08000704                HAL_NVIC_SetPriorityGrouping
 .text.HAL_NVIC_SetPriority
                0x08000728       0x20 CMakeFiles/SPI2_MPU-6050.elf.dir/Drivers/STM32F1xx_HAL_Driver/Src/stm32f1xx_hal_cortex.c.obj
                0x08000728                HAL_NVIC_SetPriority
 .text.HAL_NVIC_EnableIRQ
                0x08000748       0x1c CMakeFiles/SPI2_MPU-6050.elf.dir/Drivers/STM32F1xx_HAL_Driver/Src/stm32f1xx_hal_cortex.c.obj
                0x08000748                HAL_NVIC_EnableIRQ
 .text.HAL_SYSTICK_Config
                0x08000764       0x28 CMakeFiles/SPI2_MPU-6050.elf.dir/Drivers/STM32F1xx_HAL_Driver/Src/stm32f1xx_hal_cortex.c.obj
                0x08000764                HAL_SYSTICK_Config
 .text.HAL_GPIO_Init
                0x0800078c      0x21c CMakeFiles/SPI2_MPU-6050.elf.dir/Drivers/STM32F1xx_HAL_Driver/Src/stm32f1xx_hal_gpio.c.obj
                0x0800078c                HAL_GPIO_Init
 .text.HAL_GPIO_WritePin
                0x080009a8        0xc CMakeFiles/SPI2_MPU-6050.elf.dir/Drivers/STM32F1xx_HAL_Driver/Src/stm32f1xx_hal_gpio.c.obj
                0x080009a8                HAL_GPIO_WritePin
 .text.HAL_GPIO_EXTI_Callback
                0x080009b4        0x2 CMakeFiles/SPI2_MPU-6050.elf.dir/Drivers/STM32F1xx_HAL_Driver/Src/stm32f1xx_hal_gpio.c.obj
                0x080009b4                HAL_GPIO_EXTI_Callback
 *fill*         0x080009b6        0x2 
 .text.HAL_GPIO_EXTI_IRQHandler
                0x080009b8       0x1c CMakeFiles/SPI2_MPU-6050.elf.dir/Drivers/STM32F1xx_HAL_Driver/Src/stm32f1xx_hal_gpio.c.obj
                0x080009b8                HAL_GPIO_EXTI_IRQHandler
 .text.RCC_Delay
                0x080009d4       0x2c CMakeFiles/SPI2_MPU-6050.elf.dir/Drivers/STM32F1xx_HAL_Driver/Src/stm32f1xx_hal_rcc.c.obj
 .text.HAL_RCC_OscConfig
                0x08000a00      0x410 CMakeFiles/SPI2_MPU-6050.elf.dir/Drivers/STM32F1xx_HAL_Driver/Src/stm32f1xx_hal_rcc.c.obj
                0x08000a00                HAL_RCC_OscConfig
 .text.HAL_RCC_GetSysClockFreq
                0x08000e10       0x54 CMakeFiles/SPI2_MPU-6050.elf.dir/Drivers/STM32F1xx_HAL_Driver/Src/stm32f1xx_hal_rcc.c.obj
                0x08000e10                HAL_RCC_GetSysClockFreq
 .text.HAL_RCC_ClockConfig
                0x08000e64      0x16c CMakeFiles/SPI2_MPU-6050.elf.dir/Drivers/STM32F1xx_HAL_Driver/Src/stm32f1xx_hal_rcc.c.obj
                0x08000e64                HAL_RCC_ClockConfig
 .text.HAL_RCC_GetHCLKFreq
                0x08000fd0        0xc CMakeFiles/SPI2_MPU-6050.elf.dir/Drivers/STM32F1xx_HAL_Driver/Src/stm32f1xx_hal_rcc.c.obj
                0x08000fd0                HAL_RCC_GetHCLKFreq
 .text.HAL_RCC_GetPCLK1Freq
                0x08000fdc       0x20 CMakeFiles/SPI2_MPU-6050.elf.dir/Drivers/STM32F1xx_HAL_Driver/Src/stm32f1xx_hal_rcc.c.obj
                0x08000fdc                HAL_RCC_GetPCLK1Freq
 .text.HAL_RCC_GetPCLK2Freq
                0x08000ffc       0x20 CMakeFiles/SPI2_MPU-6050.elf.dir/Drivers/STM32F1xx_HAL_Driver/Src/stm32f1xx_hal_rcc.c.obj
                0x08000ffc                HAL_RCC_GetPCLK2Freq
 .text.HAL_SPI_Init
                0x0800101c       0xb6 CMakeFiles/SPI2_MPU-6050.elf.dir/Drivers/STM32F1xx_HAL_Driver/Src/stm32f1xx_hal_spi.c.obj
                0x0800101c                HAL_SPI_Init
 *fill*         0x080010d2        0x2 
 .text.UART_SetConfig
                0x080010d4       0x94 CMakeFiles/SPI2_MPU-6050.elf.dir/Drivers/STM32F1xx_HAL_Driver/Src/stm32f1xx_hal_uart.c.obj
 .text.HAL_UART_Init
                0x08001168       0x60 CMakeFiles/SPI2_MPU-6050.elf.dir/Drivers/STM32F1xx_HAL_Driver/Src/stm32f1xx_hal_uart.c.obj
                0x08001168                HAL_UART_Init
 .text.Reset_Handler
                0x080011c8       0x48 CMakeFiles/SPI2_MPU-6050.elf.dir/startup_stm32f103xb.s.obj
                0x080011c8                Reset_Handler
 .text.Default_Handler
                0x08001210        0x2 CMakeFiles/SPI2_MPU-6050.elf.dir/startup_stm32f103xb.s.obj
                0x08001210                RTC_Alarm_IRQHandler
                0x08001210                EXTI2_IRQHandler
                0x08001210                TIM1_CC_IRQHandler
                0x08001210                PVD_IRQHandler
                0x08001210                EXTI3_IRQHandler
                0x08001210                EXTI0_IRQHandler
                0x08001210                I2C2_EV_IRQHandler
                0x08001210                ADC1_2_IRQHandler
                0x08001210                SPI1_IRQHandler
                0x08001210                TAMPER_IRQHandler
                0x08001210                DMA1_Channel4_IRQHandler
                0x08001210                USART3_IRQHandler
                0x08001210                RTC_IRQHandler
                0x08001210                DMA1_Channel7_IRQHandler
                0x08001210                CAN1_RX1_IRQHandler
                0x08001210                TIM4_IRQHandler
                0x08001210                I2C1_EV_IRQHandler
                0x08001210                DMA1_Channel6_IRQHandler
                0x08001210                TIM3_IRQHandler
                0x08001210                RCC_IRQHandler
                0x08001210                TIM1_TRG_COM_IRQHandler
                0x08001210                DMA1_Channel1_IRQHandler
                0x08001210                Default_Handler
                0x08001210                EXTI9_5_IRQHandler
                0x08001210                SPI2_IRQHandler
                0x08001210                DMA1_Channel5_IRQHandler
                0x08001210                EXTI4_IRQHandler
                0x08001210                USB_LP_CAN1_RX0_IRQHandler
                0x08001210                USB_HP_CAN1_TX_IRQHandler
                0x08001210                DMA1_Channel3_IRQHandler
                0x08001210                TIM1_UP_IRQHandler
                0x08001210                WWDG_IRQHandler
                0x08001210                TIM2_IRQHandler
                0x08001210                TIM1_BRK_IRQHandler
                0x08001210                EXTI1_IRQHandler
                0x08001210                USART2_IRQHandler
                0x08001210                I2C2_ER_IRQHandler
                0x08001210                DMA1_Channel2_IRQHandler
                0x08001210                CAN1_SCE_IRQHandler
                0x08001210                FLASH_IRQHandler
                0x08001210                USART1_IRQHandler
                0x08001210                I2C1_ER_IRQHandler
                0x08001210                USBWakeUp_IRQHandler
 *fill*         0x08001212        0x2 
 .text.startup  0x08001214       0x14 /usr/lib/gcc/arm-none-eabi/13.2.1/../../../arm-none-eabi/lib/thumb/v7e-m/nofp/libc.a(libc_a-__call_atexit.o)
 *(.glue_7)
 .glue_7        0x08001228        0x0 linker stubs
 *(.glue_7t)
 .glue_7t       0x08001228        0x0 linker stubs
 *(.eh_frame)
 .eh_frame      0x08001228        0x0 /usr/lib/gcc/arm-none-eabi/13.2.1/thumb/v7e-m/nofp/crtbegin.o
 *(.init)
 .init          0x08001228        0x4 /usr/lib/gcc/arm-none-eabi/13.2.1/thumb/v7e-m/nofp/crti.o
                0x08001228                _init
 .init          0x0800122c        0x8 /usr/lib/gcc/arm-none-eabi/13.2.1/thumb/v7e-m/nofp/crtn.o
 *(.fini)
 .fini          0x08001234        0x4 /usr/lib/gcc/arm-none-eabi/13.2.1/thumb/v7e-m/nofp/crti.o
                0x08001234                _fini
 .fini          0x08001238        0x8 /usr/lib/gcc/arm-none-eabi/13.2.1/thumb/v7e-m/nofp/crtn.o
                0x08001240                        . = ALIGN (0x4)
                0x08001240                        _etext = .

.vfp11_veneer   0x08001240        0x0
 .vfp11_veneer  0x08001240        0x0 linker stubs

.v4_bx          0x08001240        0x0
 .v4_bx         0x08001240        0x0 linker stubs

.iplt           0x08001240        0x0
 .iplt          0x08001240        0x0 /usr/lib/gcc/arm-none-eabi/13.2.1/thumb/v7e-m/nofp/crtbegin.o

.rodata         0x08001240       0x2c
                0x08001240                        . = ALIGN (0x4)
 *(.rodata)
 *(.rodata*)
 .rodata.APBPrescTable
                0x08001240        0x8 CMakeFiles/SPI2_MPU-6050.elf.dir/Core/Src/system_stm32f1xx.c.obj
                0x08001240                APBPrescTable
 .rodata.AHBPrescTable
                0x08001248       0x10 CMakeFiles/SPI2_MPU-6050.elf.dir/Core/Src/system_stm32f1xx.c.obj
                0x08001248                AHBPrescTable
 .rodata.aPredivFactorTable.0
                0x08001258        0x2 CMakeFiles/SPI2_MPU-6050.elf.dir/Drivers/STM32F1xx_HAL_Driver/Src/stm32f1xx_hal_rcc.c.obj
 *fill*         0x0800125a        0x2 
 .rodata.aPLLMULFactorTable.1
                0x0800125c       0x10 CMakeFiles/SPI2_MPU-6050.elf.dir/Drivers/STM32F1xx_HAL_Driver/Src/stm32f1xx_hal_rcc.c.obj
                0x0800126c                        . = ALIGN (0x4)

.rel.dyn        0x0800126c        0x0
 .rel.iplt      0x0800126c        0x0 /usr/lib/gcc/arm-none-eabi/13.2.1/thumb/v7e-m/nofp/crtbegin.o

.ARM.extab
 *(.ARM.extab* .gnu.linkonce.armextab.*)

.ARM            0x0800126c        0x0
                0x0800126c                        __exidx_start = .
 *(.ARM.exidx*)
                0x0800126c                        __exidx_end = .

.preinit_array  0x0800126c        0x0
                0x0800126c                        PROVIDE (__preinit_array_start = .)
 *(.preinit_array*)
                0x0800126c                        PROVIDE (__preinit_array_end = .)

.init_array     0x0800126c        0x8
                0x0800126c                        PROVIDE (__init_array_start = .)
 *(SORT_BY_NAME(.init_array.*))
 .init_array.00000
                0x0800126c        0x4 /usr/lib/gcc/arm-none-eabi/13.2.1/../../../arm-none-eabi/lib/thumb/v7e-m/nofp/libc.a(libc_a-__call_atexit.o)
 *(.init_array*)
 .init_array    0x08001270        0x4 /usr/lib/gcc/arm-none-eabi/13.2.1/thumb/v7e-m/nofp/crtbegin.o
                0x08001274                        PROVIDE (__init_array_end = .)

.fini_array     0x08001274        0x4
                0x08001274                        PROVIDE (__fini_array_start = .)
 *(SORT_BY_NAME(.fini_array.*))
 *(.fini_array*)
 .fini_array    0x08001274        0x4 /usr/lib/gcc/arm-none-eabi/13.2.1/thumb/v7e-m/nofp/crtbegin.o
                0x08001278                        PROVIDE (__fini_array_end = .)
                0x08001278                        _sidata = LOADADDR (.data)

.data           0x20000000        0xc load address 0x08001278
                0x20000000                        . = ALIGN (0x4)
                0x20000000                        _sdata = .
 *(.data)
 *(.data*)
 .data.SystemCoreClock
                0x20000000        0x4 CMakeFiles/SPI2_MPU-6050.elf.dir/Core/Src/system_stm32f1xx.c.obj
                0x20000000                SystemCoreClock
 .data.uwTickFreq
                0x20000004        0x1 CMakeFiles/SPI2_MPU-6050.elf.dir/Drivers/STM32F1xx_HAL_Driver/Src/stm32f1xx_hal.c.obj
                0x20000004                uwTickFreq
 *fill*         0x20000005        0x3 
 .data.uwTickPrio
                0x20000008        0x4 CMakeFiles/SPI2_MPU-6050.elf.dir/Drivers/STM32F1xx_HAL_Driver/Src/stm32f1xx_hal.c.obj
                0x20000008                uwTickPrio
                0x2000000c                        . = ALIGN (0x4)
                0x2000000c                        _edata = .

.tm_clone_table
                0x2000000c        0x0 load address 0x08001284
 .tm_clone_table
                0x2000000c        0x0 /usr/lib/gcc/arm-none-eabi/13.2.1/thumb/v7e-m/nofp/crtbegin.o
 .tm_clone_table
                0x2000000c        0x0 /usr/lib/gcc/arm-none-eabi/13.2.1/thumb/v7e-m/nofp/crtend.o

.igot.plt       0x2000000c        0x0 load address 0x08001284
 .igot.plt      0x2000000c        0x0 /usr/lib/gcc/arm-none-eabi/13.2.1/thumb/v7e-m/nofp/crtbegin.o
                0x2000000c                        . = ALIGN (0x4)

.bss            0x2000000c      0x254 load address 0x08001284
                0x2000000c                        _sbss = .
                0x2000000c                        __bss_start__ = _sbss
 *(.bss)
 .bss           0x2000000c       0x1c /usr/lib/gcc/arm-none-eabi/13.2.1/thumb/v7e-m/nofp/crtbegin.o
 .bss           0x20000028        0x4 /usr/lib/gcc/arm-none-eabi/13.2.1/../../../arm-none-eabi/lib/thumb/v7e-m/nofp/libc.a(libc_a-__call_atexit.o)
                0x20000028                __atexit
 .bss           0x2000002c      0x190 /usr/lib/gcc/arm-none-eabi/13.2.1/../../../arm-none-eabi/lib/thumb/v7e-m/nofp/libc.a(libc_a-__atexit.o)
                0x2000002c                __atexit0
 *(.bss*)
 .bss.hspi2     0x200001bc       0x58 CMakeFiles/SPI2_MPU-6050.elf.dir/Core/Src/spi.c.obj
                0x200001bc                hspi2
 .bss.huart2    0x20000214       0x48 CMakeFiles/SPI2_MPU-6050.elf.dir/Core/Src/usart.c.obj
                0x20000214                huart2
 .bss.uwTick    0x2000025c        0x4 CMakeFiles/SPI2_MPU-6050.elf.dir/Drivers/STM32F1xx_HAL_Driver/Src/stm32f1xx_hal.c.obj
                0x2000025c                uwTick
 *(COMMON)
                0x20000260                        . = ALIGN (0x4)
                0x20000260                        _ebss = .
                0x20000260                        __bss_end__ = _ebss

._user_heap_stack
                0x20000260      0x600 load address 0x08001284
                0x20000260                        . = ALIGN (0x8)
                [!provide]                        PROVIDE (end = .)
                0x20000260                        PROVIDE (_end = .)
                0x20000460                        . = (. + _Min_Heap_Size)
 *fill*         0x20000260      0x200 
                0x20000860                        . = (. + _Min_Stack_Size)
 *fill*         0x20000460      0x400 
                0x20000860                        . = ALIGN (0x8)

/DISCARD/
 libc.a(*)
 libm.a(*)
 libgcc.a(*)

.ARM.attributes
                0x00000000       0x2a
 *(.ARM.attributes)
 .ARM.attributes
                0x00000000       0x1e /usr/lib/gcc/arm-none-eabi/13.2.1/thumb/v7e-m/nofp/crti.o
 .ARM.attributes
                0x0000001e       0x2e /usr/lib/gcc/arm-none-eabi/13.2.1/thumb/v7e-m/nofp/crtbegin.o
 .ARM.attributes
                0x0000004c       0x2e CMakeFiles/SPI2_MPU-6050.elf.dir/Core/Src/gpio.c.obj
 .ARM.attributes
                0x0000007a       0x2e CMakeFiles/SPI2_MPU-6050.elf.dir/Core/Src/main.c.obj
 .ARM.attributes
                0x000000a8       0x2e CMakeFiles/SPI2_MPU-6050.elf.dir/Core/Src/spi.c.obj
 .ARM.attributes
                0x000000d6       0x2e CMakeFiles/SPI2_MPU-6050.elf.dir/Core/Src/stm32f1xx_hal_msp.c.obj
 .ARM.attributes
                0x00000104       0x2e CMakeFiles/SPI2_MPU-6050.elf.dir/Core/Src/stm32f1xx_it.c.obj
 .ARM.attributes
                0x00000132       0x2e CMakeFiles/SPI2_MPU-6050.elf.dir/Core/Src/system_stm32f1xx.c.obj
 .ARM.attributes
                0x00000160       0x2e CMakeFiles/SPI2_MPU-6050.elf.dir/Core/Src/usart.c.obj
 .ARM.attributes
                0x0000018e       0x2e CMakeFiles/SPI2_MPU-6050.elf.dir/Drivers/STM32F1xx_HAL_Driver/Src/stm32f1xx_hal.c.obj
 .ARM.attributes
                0x000001bc       0x2e CMakeFiles/SPI2_MPU-6050.elf.dir/Drivers/STM32F1xx_HAL_Driver/Src/stm32f1xx_hal_cortex.c.obj
 .ARM.attributes
                0x000001ea       0x2e CMakeFiles/SPI2_MPU-6050.elf.dir/Drivers/STM32F1xx_HAL_Driver/Src/stm32f1xx_hal_gpio.c.obj
 .ARM.attributes
                0x00000218       0x2e CMakeFiles/SPI2_MPU-6050.elf.dir/Drivers/STM32F1xx_HAL_Driver/Src/stm32f1xx_hal_rcc.c.obj
 .ARM.attributes
                0x00000246       0x2e CMakeFiles/SPI2_MPU-6050.elf.dir/Drivers/STM32F1xx_HAL_Driver/Src/stm32f1xx_hal_spi.c.obj
 .ARM.attributes
                0x00000274       0x2e CMakeFiles/SPI2_MPU-6050.elf.dir/Drivers/STM32F1xx_HAL_Driver/Src/stm32f1xx_hal_uart.c.obj
 .ARM.attributes
                0x000002a2       0x21 CMakeFiles/SPI2_MPU-6050.elf.dir/startup_stm32f103xb.s.obj
 .ARM.attributes
                0x000002c3       0x2e /usr/lib/gcc/arm-none-eabi/13.2.1/../../../arm-none-eabi/lib/thumb/v7e-m/nofp/libc.a(libc_a-memset.o)
 .ARM.attributes
                0x000002f1       0x2e /usr/lib/gcc/arm-none-eabi/13.2.1/../../../arm-none-eabi/lib/thumb/v7e-m/nofp/libc.a(libc_a-init.o)
 .ARM.attributes
                0x0000031f       0x2e /usr/lib/gcc/arm-none-eabi/13.2.1/../../../arm-none-eabi/lib/thumb/v7e-m/nofp/libc.a(libc_a-atexit.o)
 .ARM.attributes
                0x0000034d       0x2e /usr/lib/gcc/arm-none-eabi/13.2.1/../../../arm-none-eabi/lib/thumb/v7e-m/nofp/libc.a(libc_a-fini.o)
 .ARM.attributes
                0x0000037b       0x2e /usr/lib/gcc/arm-none-eabi/13.2.1/../../../arm-none-eabi/lib/thumb/v7e-m/nofp/libc.a(libc_a-__call_atexit.o)
 .ARM.attributes
                0x000003a9       0x2e /usr/lib/gcc/arm-none-eabi/13.2.1/../../../arm-none-eabi/lib/thumb/v7e-m/nofp/libc.a(libc_a-__atexit.o)
 .ARM.attributes
                0x000003d7       0x2e /usr/lib/gcc/arm-none-eabi/13.2.1/thumb/v7e-m/nofp/crtend.o
 .ARM.attributes
                0x00000405       0x1e /usr/lib/gcc/arm-none-eabi/13.2.1/thumb/v7e-m/nofp/crtn.o
OUTPUT(SPI2_MPU-6050.elf elf32-littlearm)
LOAD linker stubs
LOAD /usr/lib/gcc/arm-none-eabi/13.2.1/../../../arm-none-eabi/lib/thumb/v7e-m/nofp/libc.a
LOAD /usr/lib/gcc/arm-none-eabi/13.2.1/../../../arm-none-eabi/lib/thumb/v7e-m/nofp/libm.a
LOAD /usr/lib/gcc/arm-none-eabi/13.2.1/thumb/v7e-m/nofp/libgcc.a

.comment        0x00000000       0x26
 .comment       0x00000000       0x26 /usr/lib/gcc/arm-none-eabi/13.2.1/thumb/v7e-m/nofp/crtbegin.o
                                 0x27 (size before relaxing)
 .comment       0x00000026       0x27 CMakeFiles/SPI2_MPU-6050.elf.dir/Core/Src/gpio.c.obj
 .comment       0x00000026       0x27 CMakeFiles/SPI2_MPU-6050.elf.dir/Core/Src/main.c.obj
 .comment       0x00000026       0x27 CMakeFiles/SPI2_MPU-6050.elf.dir/Core/Src/spi.c.obj
 .comment       0x00000026       0x27 CMakeFiles/SPI2_MPU-6050.elf.dir/Core/Src/stm32f1xx_hal_msp.c.obj
 .comment       0x00000026       0x27 CMakeFiles/SPI2_MPU-6050.elf.dir/Core/Src/stm32f1xx_it.c.obj
 .comment       0x00000026       0x27 CMakeFiles/SPI2_MPU-6050.elf.dir/Core/Src/system_stm32f1xx.c.obj
 .comment       0x00000026       0x27 CMakeFiles/SPI2_MPU-6050.elf.dir/Core/Src/usart.c.obj
 .comment       0x00000026       0x27 CMakeFiles/SPI2_MPU-6050.elf.dir/Drivers/STM32F1xx_HAL_Driver/Src/stm32f1xx_hal.c.obj
 .comment       0x00000026       0x27 CMakeFiles/SPI2_MPU-6050.elf.dir/Drivers/STM32F1xx_HAL_Driver/Src/stm32f1xx_hal_cortex.c.obj
 .comment       0x00000026       0x27 CMakeFiles/SPI2_MPU-6050.elf.dir/Drivers/STM32F1xx_HAL_Driver/Src/stm32f1xx_hal_gpio.c.obj
 .comment       0x00000026       0x27 CMakeFiles/SPI2_MPU-6050.elf.dir/Drivers/STM32F1xx_HAL_Driver/Src/stm32f1xx_hal_rcc.c.obj
 .comment       0x00000026       0x27 CMakeFiles/SPI2_MPU-6050.elf.dir/Drivers/STM32F1xx_HAL_Driver/Src/stm32f1xx_hal_spi.c.obj
 .comment       0x00000026       0x27 CMakeFiles/SPI2_MPU-6050.elf.dir/Drivers/STM32F1xx_HAL_Driver/Src/stm32f1xx_hal_uart.c.obj
 .comment       0x00000026       0x27 /usr/lib/gcc/arm-none-eabi/13.2.1/../../../arm-none-eabi/lib/thumb/v7e-m/nofp/libc.a(libc_a-memset.o)
 .comment       0x00000026       0x27 /usr/lib/gcc/arm-none-eabi/13.2.1/../../../arm-none-eabi/lib/thumb/v7e-m/nofp/libc.a(libc_a-init.o)
 .comment       0x00000026       0x27 /usr/lib/gcc/arm-none-eabi/13.2.1/../../../arm-none-eabi/lib/thumb/v7e-m/nofp/libc.a(libc_a-atexit.o)
 .comment       0x00000026       0x27 /usr/lib/gcc/arm-none-eabi/13.2.1/../../../arm-none-eabi/lib/thumb/v7e-m/nofp/libc.a(libc_a-fini.o)
 .comment       0x00000026       0x27 /usr/lib/gcc/arm-none-eabi/13.2.1/../../../arm-none-eabi/lib/thumb/v7e-m/nofp/libc.a(libc_a-__call_atexit.o)
 .comment       0x00000026       0x27 /usr/lib/gcc/arm-none-eabi/13.2.1/../../../arm-none-eabi/lib/thumb/v7e-m/nofp/libc.a(libc_a-__atexit.o)
 .comment       0x00000026       0x27 /usr/lib/gcc/arm-none-eabi/13.2.1/thumb/v7e-m/nofp/crtend.o

.debug_info     0x00000000     0xa482
 .debug_info    0x00000000      0x4b6 CMakeFiles/SPI2_MPU-6050.elf.dir/Core/Src/gpio.c.obj
 .debug_info    0x000004b6      0x31d CMakeFiles/SPI2_MPU-6050.elf.dir/Core/Src/main.c.obj
 .debug_info    0x000007d3      0x806 CMakeFiles/SPI2_MPU-6050.elf.dir/Core/Src/spi.c.obj
 .debug_info    0x00000fd9      0x1e1 CMakeFiles/SPI2_MPU-6050.elf.dir/Core/Src/stm32f1xx_hal_msp.c.obj
 .debug_info    0x000011ba      0x158 CMakeFiles/SPI2_MPU-6050.elf.dir/Core/Src/stm32f1xx_it.c.obj
 .debug_info    0x00001312      0x20c CMakeFiles/SPI2_MPU-6050.elf.dir/Core/Src/system_stm32f1xx.c.obj
 .debug_info    0x0000151e      0x7c9 CMakeFiles/SPI2_MPU-6050.elf.dir/Core/Src/usart.c.obj
 .debug_info    0x00001ce7      0x78f CMakeFiles/SPI2_MPU-6050.elf.dir/Drivers/STM32F1xx_HAL_Driver/Src/stm32f1xx_hal.c.obj
 .debug_info    0x00002476      0xcae CMakeFiles/SPI2_MPU-6050.elf.dir/Drivers/STM32F1xx_HAL_Driver/Src/stm32f1xx_hal_cortex.c.obj
 .debug_info    0x00003124      0x5e5 CMakeFiles/SPI2_MPU-6050.elf.dir/Drivers/STM32F1xx_HAL_Driver/Src/stm32f1xx_hal_gpio.c.obj
 .debug_info    0x00003709      0x99c CMakeFiles/SPI2_MPU-6050.elf.dir/Drivers/STM32F1xx_HAL_Driver/Src/stm32f1xx_hal_rcc.c.obj
 .debug_info    0x000040a5     0x1b7d CMakeFiles/SPI2_MPU-6050.elf.dir/Drivers/STM32F1xx_HAL_Driver/Src/stm32f1xx_hal_spi.c.obj
 .debug_info    0x00005c22     0x3f5a CMakeFiles/SPI2_MPU-6050.elf.dir/Drivers/STM32F1xx_HAL_Driver/Src/stm32f1xx_hal_uart.c.obj
 .debug_info    0x00009b7c       0x30 CMakeFiles/SPI2_MPU-6050.elf.dir/startup_stm32f103xb.s.obj
 .debug_info    0x00009bac      0x135 /usr/lib/gcc/arm-none-eabi/13.2.1/../../../arm-none-eabi/lib/thumb/v7e-m/nofp/libc.a(libc_a-memset.o)
 .debug_info    0x00009ce1      0x10b /usr/lib/gcc/arm-none-eabi/13.2.1/../../../arm-none-eabi/lib/thumb/v7e-m/nofp/libc.a(libc_a-init.o)
 .debug_info    0x00009dec      0x11e /usr/lib/gcc/arm-none-eabi/13.2.1/../../../arm-none-eabi/lib/thumb/v7e-m/nofp/libc.a(libc_a-atexit.o)
 .debug_info    0x00009f0a       0xf7 /usr/lib/gcc/arm-none-eabi/13.2.1/../../../arm-none-eabi/lib/thumb/v7e-m/nofp/libc.a(libc_a-fini.o)
 .debug_info    0x0000a001      0x284 /usr/lib/gcc/arm-none-eabi/13.2.1/../../../arm-none-eabi/lib/thumb/v7e-m/nofp/libc.a(libc_a-__call_atexit.o)
 .debug_info    0x0000a285      0x1fd /usr/lib/gcc/arm-none-eabi/13.2.1/../../../arm-none-eabi/lib/thumb/v7e-m/nofp/libc.a(libc_a-__atexit.o)

.debug_abbrev   0x00000000     0x2018
 .debug_abbrev  0x00000000      0x173 CMakeFiles/SPI2_MPU-6050.elf.dir/Core/Src/gpio.c.obj
 .debug_abbrev  0x00000173      0x18c CMakeFiles/SPI2_MPU-6050.elf.dir/Core/Src/main.c.obj
 .debug_abbrev  0x000002ff      0x205 CMakeFiles/SPI2_MPU-6050.elf.dir/Core/Src/spi.c.obj
 .debug_abbrev  0x00000504       0xed CMakeFiles/SPI2_MPU-6050.elf.dir/Core/Src/stm32f1xx_hal_msp.c.obj
 .debug_abbrev  0x000005f1       0xbb CMakeFiles/SPI2_MPU-6050.elf.dir/Core/Src/stm32f1xx_it.c.obj
 .debug_abbrev  0x000006ac      0x144 CMakeFiles/SPI2_MPU-6050.elf.dir/Core/Src/system_stm32f1xx.c.obj
 .debug_abbrev  0x000007f0      0x204 CMakeFiles/SPI2_MPU-6050.elf.dir/Core/Src/usart.c.obj
 .debug_abbrev  0x000009f4      0x22d CMakeFiles/SPI2_MPU-6050.elf.dir/Drivers/STM32F1xx_HAL_Driver/Src/stm32f1xx_hal.c.obj
 .debug_abbrev  0x00000c21      0x36d CMakeFiles/SPI2_MPU-6050.elf.dir/Drivers/STM32F1xx_HAL_Driver/Src/stm32f1xx_hal_cortex.c.obj
 .debug_abbrev  0x00000f8e      0x1f7 CMakeFiles/SPI2_MPU-6050.elf.dir/Drivers/STM32F1xx_HAL_Driver/Src/stm32f1xx_hal_gpio.c.obj
 .debug_abbrev  0x00001185      0x2a0 CMakeFiles/SPI2_MPU-6050.elf.dir/Drivers/STM32F1xx_HAL_Driver/Src/stm32f1xx_hal_rcc.c.obj
 .debug_abbrev  0x00001425      0x272 CMakeFiles/SPI2_MPU-6050.elf.dir/Drivers/STM32F1xx_HAL_Driver/Src/stm32f1xx_hal_spi.c.obj
 .debug_abbrev  0x00001697      0x31c CMakeFiles/SPI2_MPU-6050.elf.dir/Drivers/STM32F1xx_HAL_Driver/Src/stm32f1xx_hal_uart.c.obj
 .debug_abbrev  0x000019b3       0x24 CMakeFiles/SPI2_MPU-6050.elf.dir/startup_stm32f103xb.s.obj
 .debug_abbrev  0x000019d7       0xb7 /usr/lib/gcc/arm-none-eabi/13.2.1/../../../arm-none-eabi/lib/thumb/v7e-m/nofp/libc.a(libc_a-memset.o)
 .debug_abbrev  0x00001a8e       0xc9 /usr/lib/gcc/arm-none-eabi/13.2.1/../../../arm-none-eabi/lib/thumb/v7e-m/nofp/libc.a(libc_a-init.o)
 .debug_abbrev  0x00001b57       0xc1 /usr/lib/gcc/arm-none-eabi/13.2.1/../../../arm-none-eabi/lib/thumb/v7e-m/nofp/libc.a(libc_a-atexit.o)
 .debug_abbrev  0x00001c18       0xcc /usr/lib/gcc/arm-none-eabi/13.2.1/../../../arm-none-eabi/lib/thumb/v7e-m/nofp/libc.a(libc_a-fini.o)
 .debug_abbrev  0x00001ce4      0x1dd /usr/lib/gcc/arm-none-eabi/13.2.1/../../../arm-none-eabi/lib/thumb/v7e-m/nofp/libc.a(libc_a-__call_atexit.o)
 .debug_abbrev  0x00001ec1      0x157 /usr/lib/gcc/arm-none-eabi/13.2.1/../../../arm-none-eabi/lib/thumb/v7e-m/nofp/libc.a(libc_a-__atexit.o)

.debug_aranges  0x00000000      0x8b0
 .debug_aranges
                0x00000000       0x20 CMakeFiles/SPI2_MPU-6050.elf.dir/Core/Src/gpio.c.obj
 .debug_aranges
                0x00000020       0x30 CMakeFiles/SPI2_MPU-6050.elf.dir/Core/Src/main.c.obj
 .debug_aranges
                0x00000050       0x30 CMakeFiles/SPI2_MPU-6050.elf.dir/Core/Src/spi.c.obj
 .debug_aranges
                0x00000080       0x20 CMakeFiles/SPI2_MPU-6050.elf.dir/Core/Src/stm32f1xx_hal_msp.c.obj
 .debug_aranges
                0x000000a0       0x68 CMakeFiles/SPI2_MPU-6050.elf.dir/Core/Src/stm32f1xx_it.c.obj
 .debug_aranges
                0x00000108       0x28 CMakeFiles/SPI2_MPU-6050.elf.dir/Core/Src/system_stm32f1xx.c.obj
 .debug_aranges
                0x00000130       0x30 CMakeFiles/SPI2_MPU-6050.elf.dir/Core/Src/usart.c.obj
 .debug_aranges
                0x00000160       0xe0 CMakeFiles/SPI2_MPU-6050.elf.dir/Drivers/STM32F1xx_HAL_Driver/Src/stm32f1xx_hal.c.obj
 .debug_aranges
                0x00000240       0xc0 CMakeFiles/SPI2_MPU-6050.elf.dir/Drivers/STM32F1xx_HAL_Driver/Src/stm32f1xx_hal_cortex.c.obj
 .debug_aranges
                0x00000300       0x58 CMakeFiles/SPI2_MPU-6050.elf.dir/Drivers/STM32F1xx_HAL_Driver/Src/stm32f1xx_hal_gpio.c.obj
 .debug_aranges
                0x00000358       0x90 CMakeFiles/SPI2_MPU-6050.elf.dir/Drivers/STM32F1xx_HAL_Driver/Src/stm32f1xx_hal_rcc.c.obj
 .debug_aranges
                0x000003e8      0x1d0 CMakeFiles/SPI2_MPU-6050.elf.dir/Drivers/STM32F1xx_HAL_Driver/Src/stm32f1xx_hal_spi.c.obj
 .debug_aranges
                0x000005b8      0x208 CMakeFiles/SPI2_MPU-6050.elf.dir/Drivers/STM32F1xx_HAL_Driver/Src/stm32f1xx_hal_uart.c.obj
 .debug_aranges
                0x000007c0       0x28 CMakeFiles/SPI2_MPU-6050.elf.dir/startup_stm32f103xb.s.obj
 .debug_aranges
                0x000007e8       0x20 /usr/lib/gcc/arm-none-eabi/13.2.1/../../../arm-none-eabi/lib/thumb/v7e-m/nofp/libc.a(libc_a-memset.o)
 .debug_aranges
                0x00000808       0x20 /usr/lib/gcc/arm-none-eabi/13.2.1/../../../arm-none-eabi/lib/thumb/v7e-m/nofp/libc.a(libc_a-init.o)
 .debug_aranges
                0x00000828       0x20 /usr/lib/gcc/arm-none-eabi/13.2.1/../../../arm-none-eabi/lib/thumb/v7e-m/nofp/libc.a(libc_a-atexit.o)
 .debug_aranges
                0x00000848       0x20 /usr/lib/gcc/arm-none-eabi/13.2.1/../../../arm-none-eabi/lib/thumb/v7e-m/nofp/libc.a(libc_a-fini.o)
 .debug_aranges
                0x00000868       0x28 /usr/lib/gcc/arm-none-eabi/13.2.1/../../../arm-none-eabi/lib/thumb/v7e-m/nofp/libc.a(libc_a-__call_atexit.o)
 .debug_aranges
                0x00000890       0x20 /usr/lib/gcc/arm-none-eabi/13.2.1/../../../arm-none-eabi/lib/thumb/v7e-m/nofp/libc.a(libc_a-__atexit.o)

.debug_rnglists
                0x00000000      0x62d
 .debug_rnglists
                0x00000000       0x14 CMakeFiles/SPI2_MPU-6050.elf.dir/Core/Src/gpio.c.obj
 .debug_rnglists
                0x00000014       0x1f CMakeFiles/SPI2_MPU-6050.elf.dir/Core/Src/main.c.obj
 .debug_rnglists
                0x00000033       0x1f CMakeFiles/SPI2_MPU-6050.elf.dir/Core/Src/spi.c.obj
 .debug_rnglists
                0x00000052       0x13 CMakeFiles/SPI2_MPU-6050.elf.dir/Core/Src/stm32f1xx_hal_msp.c.obj
 .debug_rnglists
                0x00000065       0x49 CMakeFiles/SPI2_MPU-6050.elf.dir/Core/Src/stm32f1xx_it.c.obj
 .debug_rnglists
                0x000000ae       0x1a CMakeFiles/SPI2_MPU-6050.elf.dir/Core/Src/system_stm32f1xx.c.obj
 .debug_rnglists
                0x000000c8       0x1f CMakeFiles/SPI2_MPU-6050.elf.dir/Core/Src/usart.c.obj
 .debug_rnglists
                0x000000e7       0xa3 CMakeFiles/SPI2_MPU-6050.elf.dir/Drivers/STM32F1xx_HAL_Driver/Src/stm32f1xx_hal.c.obj
 .debug_rnglists
                0x0000018a       0x8b CMakeFiles/SPI2_MPU-6050.elf.dir/Drivers/STM32F1xx_HAL_Driver/Src/stm32f1xx_hal_cortex.c.obj
 .debug_rnglists
                0x00000215       0x3f CMakeFiles/SPI2_MPU-6050.elf.dir/Drivers/STM32F1xx_HAL_Driver/Src/stm32f1xx_hal_gpio.c.obj
 .debug_rnglists
                0x00000254       0x7d CMakeFiles/SPI2_MPU-6050.elf.dir/Drivers/STM32F1xx_HAL_Driver/Src/stm32f1xx_hal_rcc.c.obj
 .debug_rnglists
                0x000002d1      0x168 CMakeFiles/SPI2_MPU-6050.elf.dir/Drivers/STM32F1xx_HAL_Driver/Src/stm32f1xx_hal_spi.c.obj
 .debug_rnglists
                0x00000439      0x1a1 CMakeFiles/SPI2_MPU-6050.elf.dir/Drivers/STM32F1xx_HAL_Driver/Src/stm32f1xx_hal_uart.c.obj
 .debug_rnglists
                0x000005da       0x19 CMakeFiles/SPI2_MPU-6050.elf.dir/startup_stm32f103xb.s.obj
 .debug_rnglists
                0x000005f3       0x3a /usr/lib/gcc/arm-none-eabi/13.2.1/../../../arm-none-eabi/lib/thumb/v7e-m/nofp/libc.a(libc_a-__call_atexit.o)

.debug_line     0x00000000     0x8f60
 .debug_line    0x00000000      0x1f2 CMakeFiles/SPI2_MPU-6050.elf.dir/Core/Src/gpio.c.obj
 .debug_line    0x000001f2      0x2d8 CMakeFiles/SPI2_MPU-6050.elf.dir/Core/Src/main.c.obj
 .debug_line    0x000004ca      0x325 CMakeFiles/SPI2_MPU-6050.elf.dir/Core/Src/spi.c.obj
 .debug_line    0x000007ef      0x134 CMakeFiles/SPI2_MPU-6050.elf.dir/Core/Src/stm32f1xx_hal_msp.c.obj
 .debug_line    0x00000923      0x200 CMakeFiles/SPI2_MPU-6050.elf.dir/Core/Src/stm32f1xx_it.c.obj
 .debug_line    0x00000b23      0x1fc CMakeFiles/SPI2_MPU-6050.elf.dir/Core/Src/system_stm32f1xx.c.obj
 .debug_line    0x00000d1f      0x2ef CMakeFiles/SPI2_MPU-6050.elf.dir/Core/Src/usart.c.obj
 .debug_line    0x0000100e      0x541 CMakeFiles/SPI2_MPU-6050.elf.dir/Drivers/STM32F1xx_HAL_Driver/Src/stm32f1xx_hal.c.obj
 .debug_line    0x0000154f      0x68c CMakeFiles/SPI2_MPU-6050.elf.dir/Drivers/STM32F1xx_HAL_Driver/Src/stm32f1xx_hal_cortex.c.obj
 .debug_line    0x00001bdb      0x5b5 CMakeFiles/SPI2_MPU-6050.elf.dir/Drivers/STM32F1xx_HAL_Driver/Src/stm32f1xx_hal_gpio.c.obj
 .debug_line    0x00002190      0xc8f CMakeFiles/SPI2_MPU-6050.elf.dir/Drivers/STM32F1xx_HAL_Driver/Src/stm32f1xx_hal_rcc.c.obj
 .debug_line    0x00002e1f     0x23e0 CMakeFiles/SPI2_MPU-6050.elf.dir/Drivers/STM32F1xx_HAL_Driver/Src/stm32f1xx_hal_spi.c.obj
 .debug_line    0x000051ff     0x34b2 CMakeFiles/SPI2_MPU-6050.elf.dir/Drivers/STM32F1xx_HAL_Driver/Src/stm32f1xx_hal_uart.c.obj
 .debug_line    0x000086b1       0x78 CMakeFiles/SPI2_MPU-6050.elf.dir/startup_stm32f103xb.s.obj
 .debug_line    0x00008729      0x1b6 /usr/lib/gcc/arm-none-eabi/13.2.1/../../../arm-none-eabi/lib/thumb/v7e-m/nofp/libc.a(libc_a-memset.o)
 .debug_line    0x000088df      0x11e /usr/lib/gcc/arm-none-eabi/13.2.1/../../../arm-none-eabi/lib/thumb/v7e-m/nofp/libc.a(libc_a-init.o)
 .debug_line    0x000089fd       0xc3 /usr/lib/gcc/arm-none-eabi/13.2.1/../../../arm-none-eabi/lib/thumb/v7e-m/nofp/libc.a(libc_a-atexit.o)
 .debug_line    0x00008ac0       0xd2 /usr/lib/gcc/arm-none-eabi/13.2.1/../../../arm-none-eabi/lib/thumb/v7e-m/nofp/libc.a(libc_a-fini.o)
 .debug_line    0x00008b92      0x27f /usr/lib/gcc/arm-none-eabi/13.2.1/../../../arm-none-eabi/lib/thumb/v7e-m/nofp/libc.a(libc_a-__call_atexit.o)
 .debug_line    0x00008e11      0x14f /usr/lib/gcc/arm-none-eabi/13.2.1/../../../arm-none-eabi/lib/thumb/v7e-m/nofp/libc.a(libc_a-__atexit.o)

.debug_str      0x00000000     0x29aa
 .debug_str     0x00000000     0x29aa CMakeFiles/SPI2_MPU-6050.elf.dir/Core/Src/gpio.c.obj
                                0x5ac (size before relaxing)
 .debug_str     0x000029aa      0x3a8 CMakeFiles/SPI2_MPU-6050.elf.dir/Core/Src/main.c.obj
 .debug_str     0x000029aa      0x6ad CMakeFiles/SPI2_MPU-6050.elf.dir/Core/Src/spi.c.obj
 .debug_str     0x000029aa      0x244 CMakeFiles/SPI2_MPU-6050.elf.dir/Core/Src/stm32f1xx_hal_msp.c.obj
 .debug_str     0x000029aa      0x289 CMakeFiles/SPI2_MPU-6050.elf.dir/Core/Src/stm32f1xx_it.c.obj
 .debug_str     0x000029aa      0x26f CMakeFiles/SPI2_MPU-6050.elf.dir/Core/Src/system_stm32f1xx.c.obj
 .debug_str     0x000029aa      0x6e2 CMakeFiles/SPI2_MPU-6050.elf.dir/Core/Src/usart.c.obj
 .debug_str     0x000029aa      0x853 CMakeFiles/SPI2_MPU-6050.elf.dir/Drivers/STM32F1xx_HAL_Driver/Src/stm32f1xx_hal.c.obj
 .debug_str     0x000029aa      0x8e4 CMakeFiles/SPI2_MPU-6050.elf.dir/Drivers/STM32F1xx_HAL_Driver/Src/stm32f1xx_hal_cortex.c.obj
 .debug_str     0x000029aa      0x41a CMakeFiles/SPI2_MPU-6050.elf.dir/Drivers/STM32F1xx_HAL_Driver/Src/stm32f1xx_hal_gpio.c.obj
 .debug_str     0x000029aa      0x63b CMakeFiles/SPI2_MPU-6050.elf.dir/Drivers/STM32F1xx_HAL_Driver/Src/stm32f1xx_hal_rcc.c.obj
 .debug_str     0x000029aa      0xb71 CMakeFiles/SPI2_MPU-6050.elf.dir/Drivers/STM32F1xx_HAL_Driver/Src/stm32f1xx_hal_spi.c.obj
 .debug_str     0x000029aa      0xd04 CMakeFiles/SPI2_MPU-6050.elf.dir/Drivers/STM32F1xx_HAL_Driver/Src/stm32f1xx_hal_uart.c.obj
 .debug_str     0x000029aa       0x92 CMakeFiles/SPI2_MPU-6050.elf.dir/startup_stm32f103xb.s.obj
 .debug_str     0x000029aa      0x1a2 /usr/lib/gcc/arm-none-eabi/13.2.1/../../../arm-none-eabi/lib/thumb/v7e-m/nofp/libc.a(libc_a-memset.o)
 .debug_str     0x000029aa      0x1ef /usr/lib/gcc/arm-none-eabi/13.2.1/../../../arm-none-eabi/lib/thumb/v7e-m/nofp/libc.a(libc_a-init.o)
 .debug_str     0x000029aa      0x1cb /usr/lib/gcc/arm-none-eabi/13.2.1/../../../arm-none-eabi/lib/thumb/v7e-m/nofp/libc.a(libc_a-atexit.o)
 .debug_str     0x000029aa      0x1c5 /usr/lib/gcc/arm-none-eabi/13.2.1/../../../arm-none-eabi/lib/thumb/v7e-m/nofp/libc.a(libc_a-fini.o)
 .debug_str     0x000029aa      0x258 /usr/lib/gcc/arm-none-eabi/13.2.1/../../../arm-none-eabi/lib/thumb/v7e-m/nofp/libc.a(libc_a-__call_atexit.o)
 .debug_str     0x000029aa      0x236 /usr/lib/gcc/arm-none-eabi/13.2.1/../../../arm-none-eabi/lib/thumb/v7e-m/nofp/libc.a(libc_a-__atexit.o)

.debug_frame    0x00000000     0x1508
 .debug_frame   0x00000000       0x30 CMakeFiles/SPI2_MPU-6050.elf.dir/Core/Src/gpio.c.obj
 .debug_frame   0x00000030       0x58 CMakeFiles/SPI2_MPU-6050.elf.dir/Core/Src/main.c.obj
 .debug_frame   0x00000088       0x60 CMakeFiles/SPI2_MPU-6050.elf.dir/Core/Src/spi.c.obj
 .debug_frame   0x000000e8       0x28 CMakeFiles/SPI2_MPU-6050.elf.dir/Core/Src/stm32f1xx_hal_msp.c.obj
 .debug_frame   0x00000110       0xc0 CMakeFiles/SPI2_MPU-6050.elf.dir/Core/Src/stm32f1xx_it.c.obj
 .debug_frame   0x000001d0       0x30 CMakeFiles/SPI2_MPU-6050.elf.dir/Core/Src/system_stm32f1xx.c.obj
 .debug_frame   0x00000200       0x60 CMakeFiles/SPI2_MPU-6050.elf.dir/Core/Src/usart.c.obj
 .debug_frame   0x00000260      0x1cc CMakeFiles/SPI2_MPU-6050.elf.dir/Drivers/STM32F1xx_HAL_Driver/Src/stm32f1xx_hal.c.obj
 .debug_frame   0x0000042c      0x19c CMakeFiles/SPI2_MPU-6050.elf.dir/Drivers/STM32F1xx_HAL_Driver/Src/stm32f1xx_hal_cortex.c.obj
 .debug_frame   0x000005c8       0xe4 CMakeFiles/SPI2_MPU-6050.elf.dir/Drivers/STM32F1xx_HAL_Driver/Src/stm32f1xx_hal_gpio.c.obj
 .debug_frame   0x000006ac      0x184 CMakeFiles/SPI2_MPU-6050.elf.dir/Drivers/STM32F1xx_HAL_Driver/Src/stm32f1xx_hal_rcc.c.obj
 .debug_frame   0x00000830      0x5c8 CMakeFiles/SPI2_MPU-6050.elf.dir/Drivers/STM32F1xx_HAL_Driver/Src/stm32f1xx_hal_spi.c.obj
 .debug_frame   0x00000df8      0x5dc CMakeFiles/SPI2_MPU-6050.elf.dir/Drivers/STM32F1xx_HAL_Driver/Src/stm32f1xx_hal_uart.c.obj
 .debug_frame   0x000013d4       0x2c /usr/lib/gcc/arm-none-eabi/13.2.1/../../../arm-none-eabi/lib/thumb/v7e-m/nofp/libc.a(libc_a-memset.o)
 .debug_frame   0x00001400       0x2c /usr/lib/gcc/arm-none-eabi/13.2.1/../../../arm-none-eabi/lib/thumb/v7e-m/nofp/libc.a(libc_a-init.o)
 .debug_frame   0x0000142c       0x20 /usr/lib/gcc/arm-none-eabi/13.2.1/../../../arm-none-eabi/lib/thumb/v7e-m/nofp/libc.a(libc_a-atexit.o)
 .debug_frame   0x0000144c       0x34 /usr/lib/gcc/arm-none-eabi/13.2.1/../../../arm-none-eabi/lib/thumb/v7e-m/nofp/libc.a(libc_a-fini.o)
 .debug_frame   0x00001480       0x54 /usr/lib/gcc/arm-none-eabi/13.2.1/../../../arm-none-eabi/lib/thumb/v7e-m/nofp/libc.a(libc_a-__call_atexit.o)
 .debug_frame   0x000014d4       0x34 /usr/lib/gcc/arm-none-eabi/13.2.1/../../../arm-none-eabi/lib/thumb/v7e-m/nofp/libc.a(libc_a-__atexit.o)

.debug_loclists
                0x00000000     0x54c9
 .debug_loclists
                0x00000000       0x74 CMakeFiles/SPI2_MPU-6050.elf.dir/Core/Src/spi.c.obj
 .debug_loclists
                0x00000074       0x17 CMakeFiles/SPI2_MPU-6050.elf.dir/Core/Src/stm32f1xx_hal_msp.c.obj
 .debug_loclists
                0x0000008b       0xb7 CMakeFiles/SPI2_MPU-6050.elf.dir/Core/Src/system_stm32f1xx.c.obj
 .debug_loclists
                0x00000142       0x74 CMakeFiles/SPI2_MPU-6050.elf.dir/Core/Src/usart.c.obj
 .debug_loclists
                0x000001b6       0xe1 CMakeFiles/SPI2_MPU-6050.elf.dir/Drivers/STM32F1xx_HAL_Driver/Src/stm32f1xx_hal.c.obj
 .debug_loclists
                0x00000297      0x530 CMakeFiles/SPI2_MPU-6050.elf.dir/Drivers/STM32F1xx_HAL_Driver/Src/stm32f1xx_hal_cortex.c.obj
 .debug_loclists
                0x000007c7      0x318 CMakeFiles/SPI2_MPU-6050.elf.dir/Drivers/STM32F1xx_HAL_Driver/Src/stm32f1xx_hal_gpio.c.obj
 .debug_loclists
                0x00000adf      0x42e CMakeFiles/SPI2_MPU-6050.elf.dir/Drivers/STM32F1xx_HAL_Driver/Src/stm32f1xx_hal_rcc.c.obj
 .debug_loclists
                0x00000f0d     0x14ba CMakeFiles/SPI2_MPU-6050.elf.dir/Drivers/STM32F1xx_HAL_Driver/Src/stm32f1xx_hal_spi.c.obj
 .debug_loclists
                0x000023c7     0x2c86 CMakeFiles/SPI2_MPU-6050.elf.dir/Drivers/STM32F1xx_HAL_Driver/Src/stm32f1xx_hal_uart.c.obj
 .debug_loclists
                0x0000504d      0x1c2 /usr/lib/gcc/arm-none-eabi/13.2.1/../../../arm-none-eabi/lib/thumb/v7e-m/nofp/libc.a(libc_a-memset.o)
 .debug_loclists
                0x0000520f       0x65 /usr/lib/gcc/arm-none-eabi/13.2.1/../../../arm-none-eabi/lib/thumb/v7e-m/nofp/libc.a(libc_a-init.o)
 .debug_loclists
                0x00005274       0x2b /usr/lib/gcc/arm-none-eabi/13.2.1/../../../arm-none-eabi/lib/thumb/v7e-m/nofp/libc.a(libc_a-atexit.o)
 .debug_loclists
                0x0000529f       0x42 /usr/lib/gcc/arm-none-eabi/13.2.1/../../../arm-none-eabi/lib/thumb/v7e-m/nofp/libc.a(libc_a-fini.o)
 .debug_loclists
                0x000052e1      0x102 /usr/lib/gcc/arm-none-eabi/13.2.1/../../../arm-none-eabi/lib/thumb/v7e-m/nofp/libc.a(libc_a-__call_atexit.o)
 .debug_loclists
                0x000053e3       0xe6 /usr/lib/gcc/arm-none-eabi/13.2.1/../../../arm-none-eabi/lib/thumb/v7e-m/nofp/libc.a(libc_a-__atexit.o)

.debug_line_str
                0x00000000       0x78
 .debug_line_str
                0x00000000       0x78 CMakeFiles/SPI2_MPU-6050.elf.dir/startup_stm32f103xb.s.obj
